Microchip MPLAB XC8 Compiler V1.12 ()

Linker command line:

--edf=C:\Program Files (x86)\Microchip\xc8\v1.12\dat\en_msgs.txt -cs \
  -h+dist/default/production\TP_STR.X.production.sym -z -Q18F87K22 -ol.obj \
  -Mdist/default/production/TP_STR.X.production.map -E1 -ver=XC8 \
  -ACODE=00h-01FFFFh -ACONST=00h-01FFFFh -ASMALLCONST=01000h-010FFhx496 \
  -AMEDIUMCONST=01000h-0FFFFh,011000h-01FFFFh -ACOMRAM=01h-05Fh \
  -AABS1=00h-0F15h -ABIGRAM=01h-0F15h \
  -ARAM=060h-0FFh,0100h-01FFhx14,0F00h-0F15h -ABANK0=060h-0FFh \
  -ABANK1=0100h-01FFh -ABANK2=0200h-02FFh -ABANK3=0300h-03FFh \
  -ABANK4=0400h-04FFh -ABANK5=0500h-05FFh -ABANK6=0600h-06FFh \
  -ABANK7=0700h-07FFh -ABANK8=0800h-08FFh -ABANK9=0900h-09FFh \
  -ABANK10=0A00h-0AFFh -ABANK11=0B00h-0BFFh -ABANK12=0C00h-0CFFh \
  -ABANK13=0D00h-0DFFh -ABANK14=0E00h-0EFFh -ABANK15=0F00h-0F15h \
  -ASFR=0F16h-0F5Fh,0F60h-0FFFh \
  -preset_vec=00h,intcode=08h,intcodelo,powerup,init,end_init \
  -pramtop=01000h -psmallconst=SMALLCONST -pmediumconst=MEDIUMCONST \
  -pconst=CONST -AFARRAM=00h-00h -ACONFIG=0300000h-030000Dh -pconfig=CONFIG \
  -AIDLOC=0200000h-0200007h -pidloc=IDLOC -AEEDATA=0F00000h-0F003FFh \
  -peeprom_data=EEDATA \
  -prdata=COMRAM,nvrram=COMRAM,nvbit=COMRAM,rbss=COMRAM,rbit=COMRAM \
  -pfarbss=FARRAM,fardata=FARRAM \
  -pintsave_regs=BIGRAM,bigbss=BIGRAM,bigdata=BIGRAM -pbss=RAM \
  -pidata=CODE,irdata=CODE,ibigdata=CODE,ifardata=CODE \
  C:\Users\gomme\AppData\Local\Temp\s3c4.obj \
  dist/default/production\TP_STR.X.production.obj 

Object code version is 3.10

Machine type is 18F87K22

Call graph: (short form)




                Name                               Link     Load   Length Selector   Space Scale
C:\Users\gomme\AppData\Local\Temp\s3c4.obj
                end_init                            398      398        4        4       0
                reset_vec                             0        0        4        0       0
                idloc                            200000   200000        8   200000       0
                config                           300000   300000        E   300000       0
dist/default/production\TP_STR.X.production.obj
                intcode                               8        8      390        4       0
                mediumconst                        FEE4     FEE4      11C     7F72       0
                text45                            12676    12676       2A     8000       0
                text44                            127A8    127A8       16     8000       0
                text43                            121CC    121CC       6E     8000       0
                text42                            1223A    1223A       6C     8000       0
                text41                            11DD2    11DD2       A8     8000       0
                text40                            11D16    11D16       BC     8000       0
                text39                            12708    12708       20     8000       0
                text38                            126A0    126A0       26     8000       0
                text37                            11F88    11F88       82     8000       0
                text36                            1277A    1277A       18     8000       0
                text35                            12762    12762       18     8000       0
                text34                            11E7A    11E7A       88     8000       0
                text33                            125A6    125A6       3A     8000       0
                text32                            122A6    122A6       62     8000       0
                text31                            12568    12568       3E     8000       0
                text30                            119B4    119B4       F8     8000       0
                text29                            12746    12746       1C     8000       0
                text28                            12728    12728       1E     8000       0
                text27                            126E8    126E8       20     8000       0
                text26                            12428    12428       58     8000       0
                text25                            126C6    126C6       22     8000       0
                text24                            11F02    11F02       86     8000       0
                text23                            123C8    123C8       60     8000       0
                text22                            116EE    116EE      176     8000       0
                text21                            12368    12368       60     8000       0
                text20                            12480    12480       52     8000       0
                text19                            11B82    11B82       D6     8000       0
                text18                            1207C    1207C       72     8000       0
                text17                            11AAC    11AAC       D6     8000       0
                text16                            120EE    120EE       70     8000       0
                text15                            11C58    11C58       BE     8000       0
                text14                            12308    12308       60     8000       0
                text13                            1200A    1200A       72     8000       0
                text12                            1154C    1154C      1A2     8000       0
                text11                            12522    12522       46     8000       0
                text10                            110BE    110BE      27A     8000       0
                text9                             11338    11338      214     8000       0
                text8                             124D2    124D2       50     8000       0
                text7                             10000    10000      D0C     8000       0
                text6                             11864    11864      150     8000       0
                text4                             10D0C    10D0C      3B2     8000       0
                text3                             125E0    125E0       36     8000       0
                text2                             12792    12792       16     8000       0
                text1                             1215E    1215E       6E     8000       0
                text0                             12648    12648       2E     8000       0
                cstackCOMRAM                          1        1       37        1       1
                cstackBANK0                          89       89        3       81       1
                dataCOMRAM                           38       38        A        1       1
                bssCOMRAM                            42       42        8        1       1
                cinit                             12616    12616       32     8000       0
                nvBANK0                              81       81        8       81       1
                nvCOMRAM                             4A       4A        2        1       1
                idataCOMRAM                       127BE    127BE        A     8000       0

TOTAL           Name                               Link     Load   Length     Space
        CLASS   CODE           
                end_init                            398      398        4         0
                intcode                               8        8      390         0
                reset_vec                             0        0        4         0
                text45                            12676    12676       2A         0
                text44                            127A8    127A8       16         0
                text43                            121CC    121CC       6E         0
                text42                            1223A    1223A       6C         0
                text41                            11DD2    11DD2       A8         0
                text40                            11D16    11D16       BC         0
                text39                            12708    12708       20         0
                text38                            126A0    126A0       26         0
                text37                            11F88    11F88       82         0
                text36                            1277A    1277A       18         0
                text35                            12762    12762       18         0
                text34                            11E7A    11E7A       88         0
                text33                            125A6    125A6       3A         0
                text32                            122A6    122A6       62         0
                text31                            12568    12568       3E         0
                text30                            119B4    119B4       F8         0
                text29                            12746    12746       1C         0
                text28                            12728    12728       1E         0
                text27                            126E8    126E8       20         0
                text26                            12428    12428       58         0
                text25                            126C6    126C6       22         0
                text24                            11F02    11F02       86         0
                text23                            123C8    123C8       60         0
                text22                            116EE    116EE      176         0
                text21                            12368    12368       60         0
                text20                            12480    12480       52         0
                text19                            11B82    11B82       D6         0
                text18                            1207C    1207C       72         0
                text17                            11AAC    11AAC       D6         0
                text16                            120EE    120EE       70         0
                text15                            11C58    11C58       BE         0
                text14                            12308    12308       60         0
                text13                            1200A    1200A       72         0
                text12                            1154C    1154C      1A2         0
                text11                            12522    12522       46         0
                text10                            110BE    110BE      27A         0
                text9                             11338    11338      214         0
                text8                             124D2    124D2       50         0
                text7                             10000    10000      D0C         0
                text6                             11864    11864      150         0
                text4                             10D0C    10D0C      3B2         0
                text3                             125E0    125E0       36         0
                text2                             12792    12792       16         0
                text1                             1215E    1215E       6E         0
                text0                             12648    12648       2E         0
                cinit                             12616    12616       32         0
                idataCOMRAM                       127BE    127BE        A         0

        CLASS   CONST          

        CLASS   SMALLCONST     

        CLASS   MEDIUMCONST    
                mediumconst                        FEE4     FEE4      11C         0

        CLASS   COMRAM         
                cstackCOMRAM                          1        1       37         1
                dataCOMRAM                           38       38        A         1
                bssCOMRAM                            42       42        8         1
                nvCOMRAM                             4A       4A        2         1

        CLASS   ABS1           
                abs_s1                               60       60       21         1
                abs_s1                              100      100       42         1
                abs_s1                              103      103        1         1
                abs_s1                              200      200       42         1
                abs_s1                              203      203        1         1
                abs_s1                              300      300       42         1
                abs_s1                              303      303        1         1
                abs_s1                              400      400       42         1
                abs_s1                              403      403        1         1
                abs_s1                              500      500       42         1
                abs_s1                              503      503        1         1
                abs_s1                              600      600       42         1
                abs_s1                              603      603        1         1
                abs_s1                              703      703        4         1
                abs_s1                              707      707        3         1

        CLASS   BIGRAM         

        CLASS   RAM            

        CLASS   BANK0          
                cstackBANK0                          89       89        3         1
                nvBANK0                              81       81        8         1

        CLASS   BANK1          

        CLASS   BANK2          

        CLASS   BANK3          

        CLASS   BANK4          

        CLASS   BANK5          

        CLASS   BANK6          

        CLASS   BANK7          

        CLASS   BANK8          

        CLASS   BANK9          

        CLASS   BANK10         

        CLASS   BANK11         

        CLASS   BANK12         

        CLASS   BANK13         

        CLASS   BANK14         

        CLASS   BANK15         

        CLASS   SFR            

        CLASS   FARRAM         

        CLASS   CONFIG         
                config                           300000   300000        E         0

        CLASS   IDLOC          
                idloc                            200000   200000        8         0

        CLASS   EEDATA         



SEGMENTS        Name                           Load    Length   Top    Selector   Space  Class

                reset_vec                      000000  000004  000004         0       0  CODE    
                cstackCOMRAM                   000001  00004B  00004C         1       1  COMRAM  
                intcode                        000008  000394  00039C         4       0  CODE    
                nvBANK0                        000081  00000B  00008C        81       1  BANK0   
                mediumconst                    00FEE4  00011C  010000      7F72       0  MEDIUMCO
                text7                          010000  0027C8  0127C8      8000       0  CODE    
                idloc                          200000  000008  200008    200000       0  IDLOC   
                config                         300000  00000E  30000E    300000       0  CONFIG  


UNUSED ADDRESS RANGES

        Name                Unused          Largest block    Delta
        BANK0            00008C-0000FF               74
        BANK1            000142-0001FF               BE
        BANK10           000A00-000AFF              100
        BANK11           000B00-000BFF              100
        BANK12           000C00-000CFF              100
        BANK13           000D00-000DFF              100
        BANK14           000E00-000EFF              100
        BANK15           000F00-000F15               16
        BANK2            000242-0002FF               BE
        BANK3            000342-0003FF               BE
        BANK4            000442-0004FF               BE
        BANK5            000542-0005FF               BE
        BANK6            000642-0006FF               BE
        BANK7            000700-000702                3
                         00070A-0007FF               F6
        BANK8            000800-0008FF              100
        BANK9            000900-0009FF              100
        BIGRAM           00004C-00005F               14
                         00008C-0000FF               74
                         000142-0001FF               BE
                         000242-0002FF               BE
                         000342-0003FF               BE
                         000442-0004FF               BE
                         000542-0005FF               BE
                         000642-000702               C1
                         00070A-000F15              80C
        CODE             000004-000007                4
                         00039C-00FEE3             FB48
                         0127C8-01FFFF             D838
        COMRAM           00004C-00005F               14
        CONST            000004-000007                4
                         00039C-00FEE3             FB48
                         0127C8-01FFFF             D838
        EEDATA           F00000-F003FF              400
        MEDIUMCONST      001000-00FEE3             EEE4
                         0127C8-01FFFF             D838
        RAM              00008C-0000FF               74
                         000142-0001FF               BE
                         000242-0002FF               BE
                         000342-0003FF               BE
                         000442-0004FF               BE
                         000542-0005FF               BE
                         000642-000702               BE
                         00070A-000F15              100
        SFR              000F16-000FFF               4A
        SMALLCONST       001000-00FEE3              100
                         0127C8-01FFFF              100

                                  Symbol Table

?_Init                               cstackBANK0  000089
?___awdiv                            cstackCOMRAM 000001
?___awmod                            cstackCOMRAM 000001
?___lwdiv                            cstackCOMRAM 000001
?_alarm_icon                         cstackCOMRAM 000010
?_clearBit                           cstackCOMRAM 000001
?_clear_box                          cstackCOMRAM 000010
?_command                            cstackCOMRAM 000006
?_d1command                          cstackCOMRAM 000006
?_d2command                          cstackCOMRAM 000006
?_delai_us_char                      cstackCOMRAM 000001
?_draw_box                           cstackCOMRAM 000010
?_draw_char                          cstackCOMRAM 00000A
?_draw_empty_box                     cstackCOMRAM 000010
?_draw_hex8                          cstackCOMRAM 00000A
?_draw_string                        cstackCOMRAM 00000A
?_goto_lico                          cstackCOMRAM 00000B
?_lecture_8bit_analogique            cstackCOMRAM 000001
?_lecture_normale                    cstackCOMRAM 000003
?_plot0                              cstackCOMRAM 00000B
?_plot1                              cstackCOMRAM 00000B
?_setBit                             cstackCOMRAM 000001
?_stid_delai_us                      cstackCOMRAM 000001
?_tp_delai                           cstackCOMRAM 000001
?_write_c_aff                        cstackCOMRAM 000001
?_write_d_aff                        cstackCOMRAM 000001
?i2_Init                             cstackCOMRAM 000001
Init@sem                             cstackBANK0  000089
_ADCON0                              (abs)        000FC2
_ADCON0bits                          (abs)        000FC2
_ADCON1                              (abs)        000FC1
_ADCON2                              (abs)        000FC0
_ADRESH                              (abs)        000FC4
_ADRESL                              (abs)        000FC3
_ANCON0                              (abs)        000F25
_ANCON0bits                          (abs)        000F25
_ANCON1                              (abs)        000F24
_ANCON1bits                          (abs)        000F24
_ANCON2                              (abs)        000F23
_BAUDCON1                            (abs)        000F65
_BSR                                 (abs)        000FE0
_BSR_TEMPORAIRE                      (abs)        000062
_CCP1CON                             (abs)        000FBB
_CCPR1L                              (abs)        000FBC
_DEMARRAGE                           (abs)        000065
_FSR0H                               (abs)        000FEA
_FSR0H_TEMPORAIRE                    (abs)        000063
_FSR0L                               (abs)        000FE9
_FSR0L_TEMPORAIRE                    (abs)        000064
_FSR1H                               (abs)        000FE2
_FSR1L                               (abs)        000FE1
_FSR2H                               (abs)        000FDA
_FSR2L                               (abs)        000FD9
_INTCON2bits                         (abs)        000FF1
_INTCON3                             (abs)        000FF0
_INTCONbits                          (abs)        000FF2
_Init                                text3        0125E0
_LATCbits                            (abs)        000F8B
_LATDbits                            (abs)        000F8C
_LATGbits                            (abs)        000F8F
_LATH                                (abs)        000F90
_LATJ                                (abs)        000F91
_LATJbits                            (abs)        000F91
_MEMCON                              (abs)        000F26
_PADCFG1bits                         (abs)        000F53
_PCLATH                              (abs)        000FFA
_PCLATU                              (abs)        000FFB
_PIR1bits                            (abs)        000F9E
_PORTBbits                           (abs)        000F81
_PORTDbits                           (abs)        000F83
_PORTEbits                           (abs)        000F84
_PORTH                               (abs)        000F87
_POSTINC0                            (abs)        000FEE
_POSTINC1                            (abs)        000FE6
_PR2                                 (abs)        000FCB
_PRODH                               (abs)        000FF4
_PRODL                               (abs)        000FF3
_PWM1_Init                           text2        012792
_RCONbits                            (abs)        000FD0
_RCSTA1                              (abs)        000FAB
_RXTX_libre                          (abs)        000080
_SPBRG1                              (abs)        000FAF
_SPBRGH1                             (abs)        000FD4
_STATUS                              (abs)        000FD8
_STATUS_TEMPORAIRE                   (abs)        000061
_STKPTR                              (abs)        000FFC
_STKPTR_T1                           (abs)        000103
_STKPTR_T2                           (abs)        000203
_STKPTR_T3                           (abs)        000303
_STKPTR_T4                           (abs)        000403
_STKPTR_T5                           (abs)        000503
_STKPTR_T6                           (abs)        000603
_T0CON                               (abs)        000FD5
_T0CONbits                           (abs)        000FD5
_T0IE                                (abs)        007F95
_T0IF                                (abs)        007F92
_T2CON                               (abs)        000FCA
_TABLAT                              (abs)        000FF5
_TBLPTRH                             (abs)        000FF7
_TBLPTRL                             (abs)        000FF6
_TBLPTRU                             (abs)        000FF8
_TMR0                                (abs)        000FD6
_TMR2                                (abs)        000FCC
_TMR2ON                              (abs)        007E52
_TOSH                                (abs)        000FFE
_TOSL                                (abs)        000FFD
_TOSU                                (abs)        000FFF
_TP_appui                            (abs)        000066
_TP_x                                (abs)        000067
_TP_y                                (abs)        000068
_TRISCbits                           (abs)        000F94
_TRISDbits                           (abs)        000F95
_TRISGbits                           (abs)        000F98
_TRISH                               (abs)        000F99
_TRISJ                               (abs)        000F9A
_TRISJ7                              (abs)        007CD7
_TRISJbits                           (abs)        000F9A
_TXREG1                              (abs)        000FAD
_TXSTA1                              (abs)        000FAC
_TXSTA1bits                          (abs)        000FAC
_Tick_Count                          (abs)        000071
_Val_sem_cna                         nvCOMRAM     00004A
_Val_sem_rxtx                        nvCOMRAM     00004B
_WREG                                (abs)        000FE8
_W_TEMPORAIRE                        (abs)        000060
__CFG_ABW$MM                         (abs)        000000
__CFG_BBSIZ$BB1K                     (abs)        000000
__CFG_BOREN$OFF                      (abs)        000000
__CFG_BORPWR$ZPBORMV                 (abs)        000000
__CFG_BORV$0                         (abs)        000000
__CFG_BW$8                           (abs)        000000
__CFG_CCP2MX$PORTBE                  (abs)        000000
__CFG_CP0$OFF                        (abs)        000000
__CFG_CP1$OFF                        (abs)        000000
__CFG_CP2$OFF                        (abs)        000000
__CFG_CP3$OFF                        (abs)        000000
__CFG_CP4$OFF                        (abs)        000000
__CFG_CP5$OFF                        (abs)        000000
__CFG_CP6$OFF                        (abs)        000000
__CFG_CP7$OFF                        (abs)        000000
__CFG_CPB$OFF                        (abs)        000000
__CFG_CPD$OFF                        (abs)        000000
__CFG_DEBUG$OFF                      (abs)        000000
__CFG_EASHFT$OFF                     (abs)        000000
__CFG_EBRT0$OFF                      (abs)        000000
__CFG_EBRT1$OFF                      (abs)        000000
__CFG_EBRT2$OFF                      (abs)        000000
__CFG_EBRT3$OFF                      (abs)        000000
__CFG_EBRT4$OFF                      (abs)        000000
__CFG_EBRT5$OFF                      (abs)        000000
__CFG_EBRT6$OFF                      (abs)        000000
__CFG_EBRT7$OFF                      (abs)        000000
__CFG_EBRTB$OFF                      (abs)        000000
__CFG_ECCPMX$PORTH                   (abs)        000000
__CFG_FCMEN$OFF                      (abs)        000000
__CFG_FOSC$HS1                       (abs)        000000
__CFG_IESO$OFF                       (abs)        000000
__CFG_INTOSCSEL$HIGH                 (abs)        000000
__CFG_MCLRE$ON                       (abs)        000000
__CFG_MSSPMSK$MSK5                   (abs)        000000
__CFG_PLLCFG$ON                      (abs)        000000
__CFG_PWRTEN$OFF                     (abs)        000000
__CFG_RETEN$ON                       (abs)        000000
__CFG_RTCOSC$INTOSCREF               (abs)        000000
__CFG_SOSCSEL$DIG                    (abs)        000000
__CFG_STVREN$ON                      (abs)        000000
__CFG_WAIT$ON                        (abs)        000000
__CFG_WDTEN$OFF                      (abs)        000000
__CFG_WDTPS$1                        (abs)        000000
__CFG_WRT0$OFF                       (abs)        000000
__CFG_WRT1$OFF                       (abs)        000000
__CFG_WRT2$OFF                       (abs)        000000
__CFG_WRT3$OFF                       (abs)        000000
__CFG_WRT4$OFF                       (abs)        000000
__CFG_WRT5$OFF                       (abs)        000000
__CFG_WRT6$OFF                       (abs)        000000
__CFG_WRT7$OFF                       (abs)        000000
__CFG_WRTB$OFF                       (abs)        000000
__CFG_WRTC$OFF                       (abs)        000000
__CFG_WRTD$OFF                       (abs)        000000
__CFG_XINST$OFF                      (abs)        000000
__HRAM                               (abs)        000000
__Habs1                              abs1         000000
__Hbank0                             bank0        000000
__Hbank1                             bank1        000000
__Hbank10                            bank10       000000
__Hbank11                            bank11       000000
__Hbank12                            bank12       000000
__Hbank13                            bank13       000000
__Hbank14                            bank14       000000
__Hbank15                            bank15       000000
__Hbank2                             bank2        000000
__Hbank3                             bank3        000000
__Hbank4                             bank4        000000
__Hbank5                             bank5        000000
__Hbank6                             bank6        000000
__Hbank7                             bank7        000000
__Hbank8                             bank8        000000
__Hbank9                             bank9        000000
__Hbigbss                            bigbss       000000
__Hbigdata                           bigdata      000000
__Hbigram                            bigram       000000
__Hbss                               bss          000000
__HbssCOMRAM                         bssCOMRAM    000000
__Hcinit                             cinit        000000
__Hclrtext                           clrtext      000000
__Hcomram                            comram       000000
__Hconfig                            config       30000E
__Hconst                             const        000000
__HcstackBANK0                       cstackBANK0  000000
__HcstackCOMRAM                      cstackCOMRAM 000000
__Hdata                              data         000000
__HdataCOMRAM                        dataCOMRAM   000000
__Heeprom_data                       eeprom_data  000000
__Hend_init                          end_init     00039C
__Hfarbss                            farbss       000000
__Hfardata                           fardata      000000
__Hibigdata                          ibigdata     000000
__Hidata                             idata        000000
__HidataCOMRAM                       idataCOMRAM  000000
__Hidloc                             idloc        200008
__Hifardata                          ifardata     000000
__Hinit                              init         000398
__Hintcode                           intcode      000398
__Hintcode_body                      intcode_body 000000
__Hintcodelo                         intcodelo    000398
__Hintentry                          intentry     000000
__Hintret                            intret       000000
__Hintsave_regs                      intsave_regs 000000
__Hirdata                            irdata       000000
__Hmediumconst                       mediumconst  010000
__HnvBANK0                           nvBANK0      000000
__HnvCOMRAM                          nvCOMRAM     000000
__Hnvbit                             nvbit        000000
__Hnvrram                            nvrram       000000
__Hparam                             rparam       000000
__Hpowerup                           powerup      000398
__Hram                               ram          000000
__Hramtop                            ramtop       001000
__Hrbit                              rbit         000000
__Hrbss                              rbss         000000
__Hrdata                             rdata        000000
__Hreset_vec                         reset_vec    000004
__Hrparam                            rparam       000000
__Hsfr                               sfr          000000
__Hsmallconst                        smallconst   000000
__Hstruct                            struct       000000
__Htemp                              temp         000000
__Htext                              text         000000
__Htext0                             text0        000000
__Htext1                             text1        000000
__Htext10                            text10       000000
__Htext11                            text11       000000
__Htext12                            text12       000000
__Htext13                            text13       000000
__Htext14                            text14       000000
__Htext15                            text15       000000
__Htext16                            text16       000000
__Htext17                            text17       000000
__Htext18                            text18       000000
__Htext19                            text19       000000
__Htext2                             text2        000000
__Htext20                            text20       000000
__Htext21                            text21       000000
__Htext22                            text22       000000
__Htext23                            text23       000000
__Htext24                            text24       000000
__Htext25                            text25       000000
__Htext26                            text26       000000
__Htext27                            text27       000000
__Htext28                            text28       000000
__Htext29                            text29       000000
__Htext3                             text3        000000
__Htext30                            text30       000000
__Htext31                            text31       000000
__Htext32                            text32       000000
__Htext33                            text33       000000
__Htext34                            text34       000000
__Htext35                            text35       000000
__Htext36                            text36       000000
__Htext37                            text37       000000
__Htext38                            text38       000000
__Htext39                            text39       000000
__Htext4                             text4        000000
__Htext40                            text40       000000
__Htext41                            text41       000000
__Htext42                            text42       000000
__Htext43                            text43       000000
__Htext44                            text44       000000
__Htext45                            text45       000000
__Htext46                            text46       000000
__Htext6                             text6        000000
__Htext7                             text7        000000
__Htext8                             text8        000000
__Htext9                             text9        000000
__LRAM                               (abs)        000001
__Labs1                              abs1         000000
__Lbank0                             bank0        000000
__Lbank1                             bank1        000000
__Lbank10                            bank10       000000
__Lbank11                            bank11       000000
__Lbank12                            bank12       000000
__Lbank13                            bank13       000000
__Lbank14                            bank14       000000
__Lbank15                            bank15       000000
__Lbank2                             bank2        000000
__Lbank3                             bank3        000000
__Lbank4                             bank4        000000
__Lbank5                             bank5        000000
__Lbank6                             bank6        000000
__Lbank7                             bank7        000000
__Lbank8                             bank8        000000
__Lbank9                             bank9        000000
__Lbigbss                            bigbss       000000
__Lbigdata                           bigdata      000000
__Lbigram                            bigram       000000
__Lbss                               bss          000000
__LbssCOMRAM                         bssCOMRAM    000000
__Lcinit                             cinit        000000
__Lclrtext                           clrtext      000000
__Lcomram                            comram       000000
__Lconfig                            config       300000
__Lconst                             const        000000
__LcstackBANK0                       cstackBANK0  000000
__LcstackCOMRAM                      cstackCOMRAM 000000
__Ldata                              data         000000
__LdataCOMRAM                        dataCOMRAM   000000
__Leeprom_data                       eeprom_data  000000
__Lend_init                          end_init     000398
__Lfarbss                            farbss       000000
__Lfardata                           fardata      000000
__Libigdata                          ibigdata     000000
__Lidata                             idata        000000
__LidataCOMRAM                       idataCOMRAM  000000
__Lidloc                             idloc        200000
__Lifardata                          ifardata     000000
__Linit                              init         000398
__Lintcode                           intcode      000008
__Lintcode_body                      intcode_body 000000
__Lintcodelo                         intcodelo    000398
__Lintentry                          intentry     000000
__Lintret                            intret       000000
__Lintsave_regs                      intsave_regs 000000
__Lirdata                            irdata       000000
__Lmediumconst                       mediumconst  00FEE4
__LnvBANK0                           nvBANK0      000000
__LnvCOMRAM                          nvCOMRAM     000000
__Lnvbit                             nvbit        000000
__Lnvrram                            nvrram       000000
__Lparam                             rparam       000000
__Lpowerup                           powerup      000398
__Lram                               ram          000000
__Lramtop                            ramtop       001000
__Lrbit                              rbit         000000
__Lrbss                              rbss         000000
__Lrdata                             rdata        000000
__Lreset_vec                         reset_vec    000000
__Lrparam                            rparam       000000
__Lsfr                               sfr          000000
__Lsmallconst                        smallconst   000000
__Lstruct                            struct       000000
__Ltemp                              temp         000000
__Ltext                              text         000000
__Ltext0                             text0        000000
__Ltext1                             text1        000000
__Ltext10                            text10       000000
__Ltext11                            text11       000000
__Ltext12                            text12       000000
__Ltext13                            text13       000000
__Ltext14                            text14       000000
__Ltext15                            text15       000000
__Ltext16                            text16       000000
__Ltext17                            text17       000000
__Ltext18                            text18       000000
__Ltext19                            text19       000000
__Ltext2                             text2        000000
__Ltext20                            text20       000000
__Ltext21                            text21       000000
__Ltext22                            text22       000000
__Ltext23                            text23       000000
__Ltext24                            text24       000000
__Ltext25                            text25       000000
__Ltext26                            text26       000000
__Ltext27                            text27       000000
__Ltext28                            text28       000000
__Ltext29                            text29       000000
__Ltext3                             text3        000000
__Ltext30                            text30       000000
__Ltext31                            text31       000000
__Ltext32                            text32       000000
__Ltext33                            text33       000000
__Ltext34                            text34       000000
__Ltext35                            text35       000000
__Ltext36                            text36       000000
__Ltext37                            text37       000000
__Ltext38                            text38       000000
__Ltext39                            text39       000000
__Ltext4                             text4        000000
__Ltext40                            text40       000000
__Ltext41                            text41       000000
__Ltext42                            text42       000000
__Ltext43                            text43       000000
__Ltext44                            text44       000000
__Ltext45                            text45       000000
__Ltext46                            text46       000000
__Ltext6                             text6        000000
__Ltext7                             text7        000000
__Ltext8                             text8        000000
__Ltext9                             text9        000000
__S0                                 (abs)        30000E
__S1                                 (abs)        00008C
___awdiv                             text40       011D16
___awdiv@counter                     cstackCOMRAM 000006
___awdiv@dividend                    cstackCOMRAM 000001
___awdiv@divisor                     cstackCOMRAM 000003
___awdiv@quotient                    cstackCOMRAM 000008
___awdiv@sign                        cstackCOMRAM 000007
___awmod                             text41       011DD2
___awmod@counter                     cstackCOMRAM 000006
___awmod@dividend                    cstackCOMRAM 000001
___awmod@divisor                     cstackCOMRAM 000003
___awmod@sign                        cstackCOMRAM 000007
___lwdiv                             text42       01223A
___lwdiv@counter                     cstackCOMRAM 000008
___lwdiv@dividend                    cstackCOMRAM 000001
___lwdiv@divisor                     cstackCOMRAM 000003
___lwdiv@quotient                    cstackCOMRAM 000006
__accesstop                          (abs)        000060
__activetblptr                       (abs)        000003
__end_of_Init                        text3        012616
__end_of_PWM1_Init                   text2        0127A8
__end_of___awdiv                     text40       011DD2
__end_of___awmod                     text41       011E7A
__end_of___lwdiv                     text42       0122A6
__end_of__initialization             cinit        012642
__end_of__stringdata                 mediumconst  00FFFE
__end_of_alarm_icon                  text14       012368
__end_of_check_status_ok             text31       0125A6
__end_of_clearBit                    text28       012746
__end_of_clear_box                   text18       0120EE
__end_of_clear_graphics              text23       012428
__end_of_clear_text                  text21       0123C8
__end_of_command                     text33       0125E0
__end_of_d1command                   text32       012308
__end_of_d2command                   text34       011F02
__end_of_delai_us_char               text38       0126C6
__end_of_draw_box                    text13       01207C
__end_of_draw_char                   text20       0124D2
__end_of_draw_empty_box              text15       011D16
__end_of_draw_hex8                   text24       011F88
__end_of_draw_string                 text26       012480
__end_of_fonction_d_interruption     intcode      000398
__end_of_goto_lico                   text16       01215E
__end_of_init_rxtx                   text25       0126E8
__end_of_initialisation_afficheur    text22       011864
__end_of_initialisation_des_ports    text1        0121CC
__end_of_initialisation_du_systeme   text4        0110BE
__end_of_lecture_8bit_analogique     text11       012568
__end_of_lecture_normale             text30       011AAC
__end_of_main                        text0        012676
__end_of_plot0                       text19       011C58
__end_of_plot1                       text17       011B82
__end_of_setBit                      text29       012762
__end_of_stid_delai_us               text39       012728
__end_of_tache1                      text7        010D0C
__end_of_tache2                      text6        0119B4
__end_of_tache3                      text12       0116EE
__end_of_tache4                      text9        01154C
__end_of_tache5                      text10       011338
__end_of_tache6                      text8        012522
__end_of_tp_delai                    text27       012708
__end_of_wait_status_ok              text37       01200A
__end_of_write_c_aff                 text35       01277A
__end_of_write_d_aff                 text36       012792
__end_ofi2_Init                      text45       0126A0
__end_ofi2_PWM1_Init                 text44       0127BE
__end_ofi2_initialisation_des_ports  text43       01223A
__initialization                     cinit        012616
__mediumconst                        mediumconst  00FEE4
__pbssCOMRAM                         bssCOMRAM    000042
__pcinit                             cinit        012616
__pcstackBANK0                       cstackBANK0  000089
__pcstackCOMRAM                      cstackCOMRAM 000001
__pdataCOMRAM                        dataCOMRAM   000038
__pidataCOMRAM                       idataCOMRAM  0127BE
__pintcode                           intcode      000008
__pmediumconst                       mediumconst  00FEE4
__pnvBANK0                           nvBANK0      000081
__pnvCOMRAM                          nvCOMRAM     00004A
__ptext0                             text0        012648
__ptext1                             text1        01215E
__ptext10                            text10       0110BE
__ptext11                            text11       012522
__ptext12                            text12       01154C
__ptext13                            text13       01200A
__ptext14                            text14       012308
__ptext15                            text15       011C58
__ptext16                            text16       0120EE
__ptext17                            text17       011AAC
__ptext18                            text18       01207C
__ptext19                            text19       011B82
__ptext2                             text2        012792
__ptext20                            text20       012480
__ptext21                            text21       012368
__ptext22                            text22       0116EE
__ptext23                            text23       0123C8
__ptext24                            text24       011F02
__ptext25                            text25       0126C6
__ptext26                            text26       012428
__ptext27                            text27       0126E8
__ptext28                            text28       012728
__ptext29                            text29       012746
__ptext3                             text3        0125E0
__ptext30                            text30       0119B4
__ptext31                            text31       012568
__ptext32                            text32       0122A6
__ptext33                            text33       0125A6
__ptext34                            text34       011E7A
__ptext35                            text35       012762
__ptext36                            text36       01277A
__ptext37                            text37       011F88
__ptext38                            text38       0126A0
__ptext39                            text39       012708
__ptext4                             text4        010D0C
__ptext40                            text40       011D16
__ptext41                            text41       011DD2
__ptext42                            text42       01223A
__ptext43                            text43       0121CC
__ptext44                            text44       0127A8
__ptext45                            text45       012676
__ptext46                            text46       000000
__ptext6                             text6        011864
__ptext7                             text7        010000
__ptext8                             text8        0124D2
__ptext9                             text9        011338
__ramtop                             ramtop       001000
__size_of_Init                       (abs)        000000
__size_of_PWM1_Init                  (abs)        000000
__size_of___awdiv                    (abs)        000000
__size_of___awmod                    (abs)        000000
__size_of___lwdiv                    (abs)        000000
__size_of_alarm_icon                 (abs)        000000
__size_of_check_status_ok            (abs)        000000
__size_of_clearBit                   (abs)        000000
__size_of_clear_box                  (abs)        000000
__size_of_clear_graphics             (abs)        000000
__size_of_clear_text                 (abs)        000000
__size_of_command                    (abs)        000000
__size_of_d1command                  (abs)        000000
__size_of_d2command                  (abs)        000000
__size_of_delai_us_char              (abs)        000000
__size_of_draw_box                   (abs)        000000
__size_of_draw_char                  (abs)        000000
__size_of_draw_empty_box             (abs)        000000
__size_of_draw_hex8                  (abs)        000000
__size_of_draw_string                (abs)        000000
__size_of_fonction_d_interruption    (abs)        000000
__size_of_goto_lico                  (abs)        000000
__size_of_init_rxtx                  (abs)        000000
__size_of_initialisation_afficheur   (abs)        000000
__size_of_initialisation_des_ports   (abs)        000000
__size_of_initialisation_du_systeme  (abs)        000000
__size_of_lecture_8bit_analogique    (abs)        000000
__size_of_lecture_normale            (abs)        000000
__size_of_main                       (abs)        000000
__size_of_plot0                      (abs)        000000
__size_of_plot1                      (abs)        000000
__size_of_setBit                     (abs)        000000
__size_of_stid_delai_us              (abs)        000000
__size_of_tache1                     (abs)        000000
__size_of_tache2                     (abs)        000000
__size_of_tache3                     (abs)        000000
__size_of_tache4                     (abs)        000000
__size_of_tache5                     (abs)        000000
__size_of_tache6                     (abs)        000000
__size_of_tp_delai                   (abs)        000000
__size_of_wait_status_ok             (abs)        000000
__size_of_write_c_aff                (abs)        000000
__size_of_write_d_aff                (abs)        000000
__size_ofi2_Init                     (abs)        000000
__size_ofi2_PWM1_Init                (abs)        000000
__size_ofi2_initialisation_des_ports (abs)        000000
__smallconst                         smallconst   000000
__stringdata                         mediumconst  00FEE4
_alarm_icon                          text14       012308
_alarme_active                       (abs)        000703
_alarme_pannel                       (abs)        000704
_badge                               (abs)        000075
_batterie                            (abs)        000074
_buz                                 dataCOMRAM   000038
_check_status_ok                     text31       012568
_choc_time                           (abs)        000706
_choc_time_1                         (abs)        000709
_choc_time_2                         (abs)        000708
_choc_time_3                         (abs)        000707
_choc_time_4                         (abs)        000706
_clearBit                            text28       012728
_clear_box                           text18       01207C
_clear_graphics                      text23       0123C8
_clear_text                          text21       012368
_command                             text33       0125A6
_contexte1                           (abs)        000100
_contexte2                           (abs)        000200
_contexte3                           (abs)        000300
_contexte4                           (abs)        000400
_contexte5                           (abs)        000500
_contexte6                           (abs)        000600
_current_fork_x                      bssCOMRAM    000045
_current_fork_y                      bssCOMRAM    000047
_d1command                           text32       0122A6
_d2command                           text34       011E7A
_delai_us_char                       text38       0126A0
_draw_box                            text13       01200A
_draw_char                           text20       012480
_draw_empty_box                      text15       011C58
_draw_hex8                           text24       011F02
_draw_string                         text26       012428
_error_active                        (abs)        000705
_flagVitesse                         bssCOMRAM    000049
_fonction_d_interruption             intcode      000008
_fork_size                           dataCOMRAM   00003A
_fork_start_x_pos                    dataCOMRAM   00003C
_fork_start_y_pos                    dataCOMRAM   00003E
_fork_stop                           dataCOMRAM   000040
_fptr                                nvBANK0      000081
_goto_lico                           text16       0120EE
_init_rxtx                           text25       0126C6
_initialisation_afficheur            text22       0116EE
_initialisation_des_ports            text1        01215E
_initialisation_du_systeme           text4        010D0C
_lecture_8bit_analogique             text11       012522
_lecture_normale                     text30       0119B4
_main                                text0        012648
_n_octet_badge                       (abs)        00007F
_plot0                               text19       011B82
_plot1                               text17       011AAC
_pointeur_de_tache                   (abs)        000070
_puc                                 nvBANK0      000084
_queue                               (abs)        000069
_setBit                              text29       012746
_stid_delai_us                       text39       012708
_tache1                              text7        010000
_tache2                              text6        011864
_tache3                              text12       01154C
_tache4                              text9        011338
_tache5                              text10       0110BE
_tache6                              text8        0124D2
_tache_active                        (abs)        00006F
_tc                                  bssCOMRAM    000042
_tp_delai                            text27       0126E8
_val_tos                             nvBANK0      000086
_vitesse                             (abs)        000073
_wait_status_ok                      text37       011F88
_write_c_aff                         text35       012762
_write_d_aff                         text36       01277A
alarm_icon@start_point_x             cstackCOMRAM 000010
alarm_icon@start_point_y             cstackCOMRAM 000012
check_status_ok@res                  cstackCOMRAM 000002
clearBit@k                           cstackCOMRAM 000002
clearBit@n                           cstackCOMRAM 000001
clear_box@end_point_x                cstackCOMRAM 000014
clear_box@end_point_y                cstackCOMRAM 000016
clear_box@i                          cstackCOMRAM 000019
clear_box@j                          cstackCOMRAM 00001B
clear_box@start_point_x              cstackCOMRAM 000010
clear_box@start_point_y              cstackCOMRAM 000012
clear_graphics@add                   cstackCOMRAM 00000E
clear_text@add                       cstackCOMRAM 00000E
command@cmd                          cstackCOMRAM 000006
command@res                          cstackCOMRAM 000008
d1command@cmd                        cstackCOMRAM 000007
d1command@d1                         cstackCOMRAM 000006
d1command@res                        cstackCOMRAM 000009
d2command@cmd                        cstackCOMRAM 000008
d2command@d1                         cstackCOMRAM 000006
d2command@d2                         cstackCOMRAM 000007
d2command@res                        cstackCOMRAM 00000A
delai_us_char@ucdelai                cstackCOMRAM 000001
draw_box@end_point_x                 cstackCOMRAM 000014
draw_box@end_point_y                 cstackCOMRAM 000016
draw_box@i                           cstackCOMRAM 000019
draw_box@j                           cstackCOMRAM 00001B
draw_box@start_point_x               cstackCOMRAM 000010
draw_box@start_point_y               cstackCOMRAM 000012
draw_char@dccar                      cstackCOMRAM 00000A
draw_empty_box@end_point_x           cstackCOMRAM 000014
draw_empty_box@end_point_y           cstackCOMRAM 000016
draw_empty_box@i                     cstackCOMRAM 00001C
draw_empty_box@j                     cstackCOMRAM 00001A
draw_empty_box@start_point_x         cstackCOMRAM 000010
draw_empty_box@start_point_y         cstackCOMRAM 000012
draw_hex8@c                          cstackCOMRAM 00000C
draw_hex8@octet                      cstackCOMRAM 00000A
draw_string@tableau                  cstackCOMRAM 00000A
end_of_initialization                cinit        012642
goto_lico@adr                        cstackCOMRAM 00000E
goto_lico@colonne                    cstackCOMRAM 00000C
goto_lico@ligne                      cstackCOMRAM 00000B
i2Init@sem                           cstackCOMRAM 000001
i2_Init                              text45       012676
i2_PWM1_Init                         text44       0127A8
i2_initialisation_des_ports          text43       0121CC
initialisation_afficheur@error_count cstackCOMRAM 00000E
initialisation_du_systeme@temp       cstackBANK0  00008A
intlevel0                            text         000000
intlevel1                            text         000000
intlevel2                            text         000000
intlevel3                            text         000000
lecture_8bit_analogique@channel      cstackCOMRAM 000001
lecture_8bit_analogique@ret          cstackCOMRAM 000003
lecture_normale@n_bit                cstackCOMRAM 000008
lecture_normale@n_octet              cstackCOMRAM 000007
lecture_normale@octet                cstackCOMRAM 000009
lecture_normale@stid_id              cstackCOMRAM 000003
lecture_normale@temps_attente        cstackCOMRAM 000006
plot0@add                            cstackCOMRAM 00000E
plot0@x                              cstackCOMRAM 00000B
plot0@y                              cstackCOMRAM 00000C
plot1@add                            cstackCOMRAM 00000E
plot1@x                              cstackCOMRAM 00000B
plot1@y                              cstackCOMRAM 00000C
setBit@k                             cstackCOMRAM 000002
setBit@n                             cstackCOMRAM 000001
start                                init         000398
start_initialization                 cinit        012616
stid_delai_us@isdu                   cstackCOMRAM 000001
tache1@alarmeEnCours                 cstackCOMRAM 000026
tache1@i                             cstackCOMRAM 000028
tache2@hx                            cstackCOMRAM 00000E
tache2@hy                            cstackCOMRAM 000010
tache2@ix                            cstackCOMRAM 00000A
tache2@iy                            cstackCOMRAM 00000C
tache2@lx                            cstackCOMRAM 00000F
tache2@ly                            cstackCOMRAM 000011
tache4@a                             cstackCOMRAM 000001
tache6@n                             cstackCOMRAM 00000B
tp_delai@itpd                        cstackCOMRAM 000001
wait_status_ok@err                   cstackCOMRAM 000003
wait_status_ok@res                   cstackCOMRAM 000005
wait_status_ok@status                cstackCOMRAM 000004
write_c_aff@command                  cstackCOMRAM 000001
write_d_aff@data                     cstackCOMRAM 000001


FUNCTION INFORMATION:

 *************** function _main *****************
 Defined at:
		line 4 in file "main.c"
 Parameters:    Size  Location     Type
		None
 Auto vars:     Size  Location     Type
		None
 Return value:  Size  Location     Type
		None               void
 Registers used:
		wreg, fsr0l, fsr0h, fsr1l, fsr1h, fsr2l, fsr2h, status,2, status,0, pclat, tosl, structret, tblptrl, tblptrh, tblptru, prodl, prodh, bsr, cstack
 Tracked objects:
		On entry : 
		On exit  : 
		Unchanged: 
 Data sizes:     COMRAM   BANK0   BANK1   BANK2   BANK3   BANK4   BANK5   BANK6 BANK7hh  BANK7l   BANK8   BANK9  BANK10  BANK11  BANK12  BANK13  BANK14  BANK15
      Params:         0       0       0       0       0       0       0       0       0       0       0       0       0       0       0       0       0       0
      Locals:         0       0       0       0       0       0       0       0       0       0       0       0       0       0       0       0       0       0
      Temps:          0       1       0       0       0       0       0       0       0       0       0       0       0       0       0       0       0       0
      Totals:         0       1       0       0       0       0       0       0       0       0       0       0       0       0       0       0       0       0
Total ram usage:        1 bytes
 Hardware stack levels required when called:    9
 This function calls:
		_initialisation_des_ports
		_initialisation_du_systeme
		_Init
 This function is called by:
		Startup code after reset
 This function uses a non-reentrant model


 *************** function _initialisation_des_ports *****************
 Defined at:
		line 33 in file "main.c"
 Parameters:    Size  Location     Type
		None
 Auto vars:     Size  Location     Type
		None
 Return value:  Size  Location     Type
		None               void
 Registers used:
		wreg, status,2, cstack
 Tracked objects:
		On entry : 
		On exit  : 
		Unchanged: 
 Data sizes:     COMRAM   BANK0   BANK1   BANK2   BANK3   BANK4   BANK5   BANK6 BANK7hh  BANK7l   BANK8   BANK9  BANK10  BANK11  BANK12  BANK13  BANK14  BANK15
      Params:         0       0       0       0       0       0       0       0       0       0       0       0       0       0       0       0       0       0
      Locals:         0       0       0       0       0       0       0       0       0       0       0       0       0       0       0       0       0       0
      Temps:          0       0       0       0       0       0       0       0       0       0       0       0       0       0       0       0       0       0
      Totals:         0       0       0       0       0       0       0       0       0       0       0       0       0       0       0       0       0       0
Total ram usage:        0 bytes
 Hardware stack levels used:    1
 Hardware stack levels required when called:    8
 This function calls:
		_PWM1_Init
 This function is called by:
		_main
 This function uses a non-reentrant model


 *************** function _PWM1_Init *****************
 Defined at:
		line 19 in file "main.c"
 Parameters:    Size  Location     Type
		None
 Auto vars:     Size  Location     Type
		None
 Return value:  Size  Location     Type
		None               void
 Registers used:
		wreg, status,2
 Tracked objects:
		On entry : 
		On exit  : 
		Unchanged: 
 Data sizes:     COMRAM   BANK0   BANK1   BANK2   BANK3   BANK4   BANK5   BANK6 BANK7hh  BANK7l   BANK8   BANK9  BANK10  BANK11  BANK12  BANK13  BANK14  BANK15
      Params:         0       0       0       0       0       0       0       0       0       0       0       0       0       0       0       0       0       0
      Locals:         0       0       0       0       0       0       0       0       0       0       0       0       0       0       0       0       0       0
      Temps:          0       0       0       0       0       0       0       0       0       0       0       0       0       0       0       0       0       0
      Totals:         0       0       0       0       0       0       0       0       0       0       0       0       0       0       0       0       0       0
Total ram usage:        0 bytes
 Hardware stack levels used:    1
 Hardware stack levels required when called:    7
 This function calls:
		Nothing
 This function is called by:
		_initialisation_des_ports
 This function uses a non-reentrant model


 *************** function _Init *****************
 Defined at:
		line 5 in file "semaphore.c"
 Parameters:    Size  Location     Type
  sem             1    0[BANK0 ] unsigned char 
 Auto vars:     Size  Location     Type
		None
 Return value:  Size  Location     Type
		None               void
 Registers used:
		wreg, status,2, status,0
 Tracked objects:
		On entry : 
		On exit  : 
		Unchanged: 
 Data sizes:     COMRAM   BANK0   BANK1   BANK2   BANK3   BANK4   BANK5   BANK6 BANK7hh  BANK7l   BANK8   BANK9  BANK10  BANK11  BANK12  BANK13  BANK14  BANK15
      Params:         0       1       0       0       0       0       0       0       0       0       0       0       0       0       0       0       0       0
      Locals:         0       0       0       0       0       0       0       0       0       0       0       0       0       0       0       0       0       0
      Temps:          0       1       0       0       0       0       0       0       0       0       0       0       0       0       0       0       0       0
      Totals:         0       2       0       0       0       0       0       0       0       0       0       0       0       0       0       0       0       0
Total ram usage:        2 bytes
 Hardware stack levels used:    1
 Hardware stack levels required when called:    7
 This function calls:
		Nothing
 This function is called by:
		_main
 This function uses a non-reentrant model


 *************** function _initialisation_du_systeme *****************
 Defined at:
		line 132 in file "systeme.c"
 Parameters:    Size  Location     Type
		None
 Auto vars:     Size  Location     Type
  temp            1    1[BANK0 ] unsigned char 
 Return value:  Size  Location     Type
		None               void
 Registers used:
		wreg, fsr2l, fsr2h, status,2, status,0, prodl, prodh
 Tracked objects:
		On entry : 
		On exit  : 
		Unchanged: 
 Data sizes:     COMRAM   BANK0   BANK1   BANK2   BANK3   BANK4   BANK5   BANK6 BANK7hh  BANK7l   BANK8   BANK9  BANK10  BANK11  BANK12  BANK13  BANK14  BANK15
      Params:         0       0       0       0       0       0       0       0       0       0       0       0       0       0       0       0       0       0
      Locals:         0       1       0       0       0       0       0       0       0       0       0       0       0       0       0       0       0       0
      Temps:          0       1       0       0       0       0       0       0       0       0       0       0       0       0       0       0       0       0
      Totals:         0       2       0       0       0       0       0       0       0       0       0       0       0       0       0       0       0       0
Total ram usage:        2 bytes
 Hardware stack levels used:    1
 Hardware stack levels required when called:    7
 This function calls:
		Nothing
 This function is called by:
		_main
 This function uses a non-reentrant model


 *************** function _fonction_d_interruption *****************
 Defined at:
		line 18 in file "systeme.c"
 Parameters:    Size  Location     Type
		None
 Auto vars:     Size  Location     Type
		None
 Return value:  Size  Location     Type
		None               void
 Registers used:
		wreg, fsr2l, fsr2h, status,2, status,0, tblptrl, tblptrh, tblptru, prodl, prodh, cstack
 Tracked objects:
		On entry : 
		On exit  : 
		Unchanged: 
 Data sizes:     COMRAM   BANK0   BANK1   BANK2   BANK3   BANK4   BANK5   BANK6 BANK7hh  BANK7l   BANK8   BANK9  BANK10  BANK11  BANK12  BANK13  BANK14  BANK15
      Params:         0       0       0       0       0       0       0       0       0       0       0       0       0       0       0       0       0       0
      Locals:         0       0       0       0       0       0       0       0       0       0       0       0       0       0       0       0       0       0
      Temps:         15       0       0       0       0       0       0       0       0       0       0       0       0       0       0       0       0       0
      Totals:        15       0       0       0       0       0       0       0       0       0       0       0       0       0       0       0       0       0
Total ram usage:       15 bytes
 Hardware stack levels used:    1
 Hardware stack levels required when called:    6
 This function calls:
		_tache1
		_tache2
		_tache3
		_tache4
		_tache5
		_tache6
 This function is called by:
		Interrupt level 2
 This function uses a non-reentrant model


 *************** function _tache2 *****************
 Defined at:
		line 4 in file "T2.c"
 Parameters:    Size  Location     Type
		None
 Auto vars:     Size  Location     Type
  iy              2   11[COMRAM] unsigned int 
  ix              2    9[COMRAM] unsigned int 
  ly              1   16[COMRAM] unsigned char 
  hy              1   15[COMRAM] unsigned char 
  lx              1   14[COMRAM] unsigned char 
  hx              1   13[COMRAM] unsigned char 
 Return value:  Size  Location     Type
		None               void
 Registers used:
		wreg, status,2, status,0, cstack
 Tracked objects:
		On entry : 
		On exit  : 
		Unchanged: 
 Data sizes:     COMRAM   BANK0   BANK1   BANK2   BANK3   BANK4   BANK5   BANK6 BANK7hh  BANK7l   BANK8   BANK9  BANK10  BANK11  BANK12  BANK13  BANK14  BANK15
      Params:         0       0       0       0       0       0       0       0       0       0       0       0       0       0       0       0       0       0
      Locals:         8       0       0       0       0       0       0       0       0       0       0       0       0       0       0       0       0       0
      Temps:          1       0       0       0       0       0       0       0       0       0       0       0       0       0       0       0       0       0
      Totals:         9       0       0       0       0       0       0       0       0       0       0       0       0       0       0       0       0       0
Total ram usage:        9 bytes
 Hardware stack levels used:    1
 Hardware stack levels required when called:    1
 This function calls:
		_tp_delai
		___lwdiv
 This function is called by:
		_fonction_d_interruption
		_initialisation_du_systeme
 This function uses a non-reentrant model


 *************** function _tache1 *****************
 Defined at:
		line 111 in file "T1.c"
 Parameters:    Size  Location     Type
		None
 Auto vars:     Size  Location     Type
  alarmeEnCour    2   37[COMRAM] unsigned int 
  i               1   39[COMRAM] unsigned char 
 Return value:  Size  Location     Type
		None               void
 Registers used:
		wreg, fsr2l, fsr2h, status,2, status,0, tblptrl, tblptrh, tblptru, prodl, prodh, cstack
 Tracked objects:
		On entry : 
		On exit  : 
		Unchanged: 
 Data sizes:     COMRAM   BANK0   BANK1   BANK2   BANK3   BANK4   BANK5   BANK6 BANK7hh  BANK7l   BANK8   BANK9  BANK10  BANK11  BANK12  BANK13  BANK14  BANK15
      Params:         0       0       0       0       0       0       0       0       0       0       0       0       0       0       0       0       0       0
      Locals:         3       0       0       0       0       0       0       0       0       0       0       0       0       0       0       0       0       0
      Temps:          8       0       0       0       0       0       0       0       0       0       0       0       0       0       0       0       0       0
      Totals:        11       0       0       0       0       0       0       0       0       0       0       0       0       0       0       0       0       0
Total ram usage:       11 bytes
 Hardware stack levels used:    1
 Hardware stack levels required when called:    5
 This function calls:
		i2_initialisation_des_ports
		_initialisation_afficheur
		_clear_text
		_clear_graphics
		_init_rxtx
		i2_Init
		_goto_lico
		_draw_char
		_draw_box
		_draw_empty_box
		_alarm_icon
		_draw_string
		_draw_hex8
		_lecture_8bit_analogique
		_plot1
		_clear_box
 This function is called by:
		_fonction_d_interruption
		_initialisation_du_systeme
 This function uses a non-reentrant model


 *************** function _tache6 *****************
 Defined at:
		line 4 in file "T6.c"
 Parameters:    Size  Location     Type
		None
 Auto vars:     Size  Location     Type
  n               1   10[COMRAM] unsigned char 
 Return value:  Size  Location     Type
		None               void
 Registers used:
		wreg, fsr2l, fsr2h, status,2, status,0, prodl, prodh, cstack
 Tracked objects:
		On entry : 
		On exit  : 
		Unchanged: 
 Data sizes:     COMRAM   BANK0   BANK1   BANK2   BANK3   BANK4   BANK5   BANK6 BANK7hh  BANK7l   BANK8   BANK9  BANK10  BANK11  BANK12  BANK13  BANK14  BANK15
      Params:         0       0       0       0       0       0       0       0       0       0       0       0       0       0       0       0       0       0
      Locals:         1       0       0       0       0       0       0       0       0       0       0       0       0       0       0       0       0       0
      Temps:          1       0       0       0       0       0       0       0       0       0       0       0       0       0       0       0       0       0
      Totals:         2       0       0       0       0       0       0       0       0       0       0       0       0       0       0       0       0       0
Total ram usage:        2 bytes
 Hardware stack levels used:    1
 Hardware stack levels required when called:    2
 This function calls:
		_lecture_normale
 This function is called by:
		_fonction_d_interruption
		_initialisation_du_systeme
 This function uses a non-reentrant model


 *************** function _tache4 *****************
 Defined at:
		line 9 in file "T4.c"
 Parameters:    Size  Location     Type
		None
 Auto vars:     Size  Location     Type
  a               2    0[COMRAM] unsigned int 
 Return value:  Size  Location     Type
		None               void
 Registers used:
		wreg, status,2, status,0
 Tracked objects:
		On entry : 
		On exit  : 
		Unchanged: 
 Data sizes:     COMRAM   BANK0   BANK1   BANK2   BANK3   BANK4   BANK5   BANK6 BANK7hh  BANK7l   BANK8   BANK9  BANK10  BANK11  BANK12  BANK13  BANK14  BANK15
      Params:         0       0       0       0       0       0       0       0       0       0       0       0       0       0       0       0       0       0
      Locals:         2       0       0       0       0       0       0       0       0       0       0       0       0       0       0       0       0       0
      Temps:          0       0       0       0       0       0       0       0       0       0       0       0       0       0       0       0       0       0
      Totals:         2       0       0       0       0       0       0       0       0       0       0       0       0       0       0       0       0       0
Total ram usage:        2 bytes
 Hardware stack levels used:    1
 This function calls:
		Nothing
 This function is called by:
		_fonction_d_interruption
		_initialisation_du_systeme
 This function uses a non-reentrant model


 *************** function _tache5 *****************
 Defined at:
		line 26 in file "T5.c"
 Parameters:    Size  Location     Type
		None
 Auto vars:     Size  Location     Type
  a               2    0        unsigned int 
 Return value:  Size  Location     Type
		None               void
 Registers used:
		wreg, status,2, status,0, cstack
 Tracked objects:
		On entry : 
		On exit  : 
		Unchanged: 
 Data sizes:     COMRAM   BANK0   BANK1   BANK2   BANK3   BANK4   BANK5   BANK6 BANK7hh  BANK7l   BANK8   BANK9  BANK10  BANK11  BANK12  BANK13  BANK14  BANK15
      Params:         0       0       0       0       0       0       0       0       0       0       0       0       0       0       0       0       0       0
      Locals:         0       0       0       0       0       0       0       0       0       0       0       0       0       0       0       0       0       0
      Temps:          2       0       0       0       0       0       0       0       0       0       0       0       0       0       0       0       0       0
      Totals:         2       0       0       0       0       0       0       0       0       0       0       0       0       0       0       0       0       0
Total ram usage:        2 bytes
 Hardware stack levels used:    1
 Hardware stack levels required when called:    1
 This function calls:
		_setBit
		_clearBit
		_lecture_8bit_analogique
 This function is called by:
		_fonction_d_interruption
		_initialisation_du_systeme
 This function uses a non-reentrant model


 *************** function _lecture_8bit_analogique *****************
 Defined at:
		line 81 in file "main.c"
 Parameters:    Size  Location     Type
  channel         1    0[COMRAM] unsigned char 
 Auto vars:     Size  Location     Type
  ret             1    2[COMRAM] unsigned char 
 Return value:  Size  Location     Type
                  1    wreg      unsigned char 
 Registers used:
		wreg, status,2, status,0
 Tracked objects:
		On entry : 
		On exit  : 
		Unchanged: 
 Data sizes:     COMRAM   BANK0   BANK1   BANK2   BANK3   BANK4   BANK5   BANK6 BANK7hh  BANK7l   BANK8   BANK9  BANK10  BANK11  BANK12  BANK13  BANK14  BANK15
      Params:         1       0       0       0       0       0       0       0       0       0       0       0       0       0       0       0       0       0
      Locals:         1       0       0       0       0       0       0       0       0       0       0       0       0       0       0       0       0       0
      Temps:          1       0       0       0       0       0       0       0       0       0       0       0       0       0       0       0       0       0
      Totals:         3       0       0       0       0       0       0       0       0       0       0       0       0       0       0       0       0       0
Total ram usage:        3 bytes
 Hardware stack levels used:    1
 This function calls:
		Nothing
 This function is called by:
		_tache1
		_tache5
 This function uses a non-reentrant model


 *************** function _tache3 *****************
 Defined at:
		line 4 in file "T3.c"
 Parameters:    Size  Location     Type
		None
 Auto vars:     Size  Location     Type
		None
 Return value:  Size  Location     Type
		None               void
 Registers used:
		wreg, status,2, status,0
 Tracked objects:
		On entry : 
		On exit  : 
		Unchanged: 
 Data sizes:     COMRAM   BANK0   BANK1   BANK2   BANK3   BANK4   BANK5   BANK6 BANK7hh  BANK7l   BANK8   BANK9  BANK10  BANK11  BANK12  BANK13  BANK14  BANK15
      Params:         0       0       0       0       0       0       0       0       0       0       0       0       0       0       0       0       0       0
      Locals:         0       0       0       0       0       0       0       0       0       0       0       0       0       0       0       0       0       0
      Temps:          0       0       0       0       0       0       0       0       0       0       0       0       0       0       0       0       0       0
      Totals:         0       0       0       0       0       0       0       0       0       0       0       0       0       0       0       0       0       0
Total ram usage:        0 bytes
 Hardware stack levels used:    1
 This function calls:
		Nothing
 This function is called by:
		_fonction_d_interruption
		_initialisation_du_systeme
[...]
Total ram usage:        5 bytes
 Hardware stack levels used:    1
 Hardware stack levels required when called:    2
 This function calls:
		_wait_status_ok
		_delai_us_char
		_write_d_aff
		_write_c_aff
 This function is called by:
		_initialisation_afficheur
		_goto_lico
		_clear_text
		_clear_graphics
		_plot1
		_plot0
		_clear_cgram
 This function uses a non-reentrant model


 *************** function _write_c_aff *****************
 Defined at:
		line 18 in file "afficheur.c"
 Parameters:    Size  Location     Type
  command         1    0[COMRAM] unsigned char 
 Auto vars:     Size  Location     Type
		None
 Return value:  Size  Location     Type
		None               void
 Registers used:
		wreg, status,2
 Tracked objects:
		On entry : 
		On exit  : 
		Unchanged: 
 Data sizes:     COMRAM   BANK0   BANK1   BANK2   BANK3   BANK4   BANK5   BANK6 BANK7hh  BANK7l   BANK8   BANK9  BANK10  BANK11  BANK12  BANK13  BANK14  BANK15
      Params:         1       0       0       0       0       0       0       0       0       0       0       0       0       0       0       0       0       0
      Locals:         0       0       0       0       0       0       0       0       0       0       0       0       0       0       0       0       0       0
      Temps:          0       0       0       0       0       0       0       0       0       0       0       0       0       0       0       0       0       0
      Totals:         1       0       0       0       0       0       0       0       0       0       0       0       0       0       0       0       0       0
Total ram usage:        1 bytes
 Hardware stack levels used:    1
 This function calls:
		Nothing
 This function is called by:
		_command
		_d1command
		_d2command
 This function uses a non-reentrant model


 *************** function _write_d_aff *****************
 Defined at:
		line 5 in file "afficheur.c"
 Parameters:    Size  Location     Type
  data            1    0[COMRAM] unsigned char 
 Auto vars:     Size  Location     Type
		None
 Return value:  Size  Location     Type
		None               void
 Registers used:
		wreg, status,2
 Tracked objects:
		On entry : 
		On exit  : 
		Unchanged: 
 Data sizes:     COMRAM   BANK0   BANK1   BANK2   BANK3   BANK4   BANK5   BANK6 BANK7hh  BANK7l   BANK8   BANK9  BANK10  BANK11  BANK12  BANK13  BANK14  BANK15
      Params:         1       0       0       0       0       0       0       0       0       0       0       0       0       0       0       0       0       0
      Locals:         0       0       0       0       0       0       0       0       0       0       0       0       0       0       0       0       0       0
      Temps:          0       0       0       0       0       0       0       0       0       0       0       0       0       0       0       0       0       0
      Totals:         1       0       0       0       0       0       0       0       0       0       0       0       0       0       0       0       0       0
Total ram usage:        1 bytes
 Hardware stack levels used:    1
 This function calls:
		Nothing
 This function is called by:
		_d1command
		_d2command
 This function uses a non-reentrant model


 *************** function _wait_status_ok *****************
 Defined at:
		line 54 in file "afficheur.c"
 Parameters:    Size  Location     Type
		None
 Auto vars:     Size  Location     Type
  res             1    4[COMRAM] unsigned char 
  status          1    3[COMRAM] unsigned char 
  err             1    2[COMRAM] unsigned char 
 Return value:  Size  Location     Type
                  1    wreg      unsigned char 
 Registers used:
		wreg, status,2, status,0, cstack
 Tracked objects:
		On entry : 
		On exit  : 
		Unchanged: 
 Data sizes:     COMRAM   BANK0   BANK1   BANK2   BANK3   BANK4   BANK5   BANK6 BANK7hh  BANK7l   BANK8   BANK9  BANK10  BANK11  BANK12  BANK13  BANK14  BANK15
      Params:         0       0       0       0       0       0       0       0       0       0       0       0       0       0       0       0       0       0
      Locals:         3       0       0       0       0       0       0       0       0       0       0       0       0       0       0       0       0       0
      Temps:          1       0       0       0       0       0       0       0       0       0       0       0       0       0       0       0       0       0
      Totals:         4       0       0       0       0       0       0       0       0       0       0       0       0       0       0       0       0       0
Total ram usage:        4 bytes
 Hardware stack levels used:    1
 Hardware stack levels required when called:    1
 This function calls:
		_delai_us_char
 This function is called by:
		_command
		_d1command
		_d2command
 This function uses a non-reentrant model


 *************** function _delai_us_char *****************
 Defined at:
		line 155 in file "afficheur.c"
 Parameters:    Size  Location     Type
  ucdelai         1    0[COMRAM] unsigned char 
 Auto vars:     Size  Location     Type
		None
 Return value:  Size  Location     Type
		None               void
 Registers used:
		status,2, status,0
 Tracked objects:
		On entry : 
		On exit  : 
		Unchanged: 
 Data sizes:     COMRAM   BANK0   BANK1   BANK2   BANK3   BANK4   BANK5   BANK6 BANK7hh  BANK7l   BANK8   BANK9  BANK10  BANK11  BANK12  BANK13  BANK14  BANK15
      Params:         1       0       0       0       0       0       0       0       0       0       0       0       0       0       0       0       0       0
      Locals:         0       0       0       0       0       0       0       0       0       0       0       0       0       0       0       0       0       0
      Temps:          0       0       0       0       0       0       0       0       0       0       0       0       0       0       0       0       0       0
      Totals:         1       0       0       0       0       0       0       0       0       0       0       0       0       0       0       0       0       0
Total ram usage:        1 bytes
 Hardware stack levels used:    1
 This function calls:
		Nothing
 This function is called by:
		_wait_status_ok
		_command
		_d1command
		_d2command
		_initialisation_afficheur
 This function uses a non-reentrant model


 *************** function _stid_delai_us *****************
 Defined at:
		line 57 in file "stid.c"
 Parameters:    Size  Location     Type
  isdu            2    0[COMRAM] unsigned int 
 Auto vars:     Size  Location     Type
		None
 Return value:  Size  Location     Type
		None               void
 Registers used:
		wreg, status,2, status,0
 Tracked objects:
		On entry : 
		On exit  : 
		Unchanged: 
 Data sizes:     COMRAM   BANK0   BANK1   BANK2   BANK3   BANK4   BANK5   BANK6 BANK7hh  BANK7l   BANK8   BANK9  BANK10  BANK11  BANK12  BANK13  BANK14  BANK15
      Params:         2       0       0       0       0       0       0       0       0       0       0       0       0       0       0       0       0       0
      Locals:         0       0       0       0       0       0       0       0       0       0       0       0       0       0       0       0       0       0
      Temps:          0       0       0       0       0       0       0       0       0       0       0       0       0       0       0       0       0       0
      Totals:         2       0       0       0       0       0       0       0       0       0       0       0       0       0       0       0       0       0
Total ram usage:        2 bytes
 Hardware stack levels used:    1
 This function calls:
		Nothing
 This function is called by:
		_lecture_normale
 This function uses a non-reentrant model


 *************** function ___awdiv *****************
 Defined at:
		line 10 in file "C:\Program Files (x86)\Microchip\xc8\v1.12\sources\awdiv.c"
 Parameters:    Size  Location     Type
  dividend        2    0[COMRAM] int 
  divisor         2    2[COMRAM] int 
 Auto vars:     Size  Location     Type
  quotient        2    7[COMRAM] int 
  sign            1    6[COMRAM] unsigned char 
  counter         1    5[COMRAM] unsigned char 
 Return value:  Size  Location     Type
                  2    0[COMRAM] int 
 Registers used:
		wreg, status,2, status,0
 Tracked objects:
		On entry : 
		On exit  : 
		Unchanged: 
 Data sizes:     COMRAM   BANK0   BANK1   BANK2   BANK3   BANK4   BANK5   BANK6 BANK7hh  BANK7l   BANK8   BANK9  BANK10  BANK11  BANK12  BANK13  BANK14  BANK15
      Params:         4       0       0       0       0       0       0       0       0       0       0       0       0       0       0       0       0       0
      Locals:         4       0       0       0       0       0       0       0       0       0       0       0       0       0       0       0       0       0
      Temps:          1       0       0       0       0       0       0       0       0       0       0       0       0       0       0       0       0       0
      Totals:         9       0       0       0       0       0       0       0       0       0       0       0       0       0       0       0       0       0
Total ram usage:        9 bytes
 Hardware stack levels used:    1
 This function calls:
		Nothing
 This function is called by:
		_plot1
		_plot0
 This function uses a non-reentrant model


 *************** function ___awmod *****************
 Defined at:
		line 10 in file "C:\Program Files (x86)\Microchip\xc8\v1.12\sources\awmod.c"
 Parameters:    Size  Location     Type
  dividend        2    0[COMRAM] int 
  divisor         2    2[COMRAM] int 
 Auto vars:     Size  Location     Type
  sign            1    6[COMRAM] unsigned char 
  counter         1    5[COMRAM] unsigned char 
 Return value:  Size  Location     Type
                  2    0[COMRAM] int 
 Registers used:
		wreg, status,2, status,0
 Tracked objects:
		On entry : 
		On exit  : 
		Unchanged: 
 Data sizes:     COMRAM   BANK0   BANK1   BANK2   BANK3   BANK4   BANK5   BANK6 BANK7hh  BANK7l   BANK8   BANK9  BANK10  BANK11  BANK12  BANK13  BANK14  BANK15
      Params:         4       0       0       0       0       0       0       0       0       0       0       0       0       0       0       0       0       0
      Locals:         2       0       0       0       0       0       0       0       0       0       0       0       0       0       0       0       0       0
      Temps:          1       0       0       0       0       0       0       0       0       0       0       0       0       0       0       0       0       0
      Totals:         7       0       0       0       0       0       0       0       0       0       0       0       0       0       0       0       0       0
Total ram usage:        7 bytes
 Hardware stack levels used:    1
 This function calls:
		Nothing
 This function is called by:
		_plot1
		_plot0
		_stopVitess
 This function uses a non-reentrant model


 *************** function ___lwdiv *****************
 Defined at:
		line 10 in file "C:\Program Files (x86)\Microchip\xc8\v1.12\sources\lwdiv.c"
 Parameters:    Size  Location     Type
  dividend        2    0[COMRAM] unsigned int 
  divisor         2    2[COMRAM] unsigned int 
 Auto vars:     Size  Location     Type
  quotient        2    5[COMRAM] unsigned int 
  counter         1    7[COMRAM] unsigned char 
 Return value:  Size  Location     Type
                  2    0[COMRAM] unsigned int 
 Registers used:
		wreg, status,2, status,0
 Tracked objects:
		On entry : 
		On exit  : 
		Unchanged: 
 Data sizes:     COMRAM   BANK0   BANK1   BANK2   BANK3   BANK4   BANK5   BANK6 BANK7hh  BANK7l   BANK8   BANK9  BANK10  BANK11  BANK12  BANK13  BANK14  BANK15
      Params:         4       0       0       0       0       0       0       0       0       0       0       0       0       0       0       0       0       0
      Locals:         3       0       0       0       0       0       0       0       0       0       0       0       0       0       0       0       0       0
      Temps:          1       0       0       0       0       0       0       0       0       0       0       0       0       0       0       0       0       0
      Totals:         8       0       0       0       0       0       0       0       0       0       0       0       0       0       0       0       0       0
Total ram usage:        8 bytes
 Hardware stack levels used:    1
 This function calls:
		Nothing
 This function is called by:
		_tache2
 This function uses a non-reentrant model


 *************** function i2_initialisation_des_ports *****************
 Defined at:
		line 33 in file "main.c"
 Parameters:    Size  Location     Type
		None
 Auto vars:     Size  Location     Type
		None
 Return value:  Size  Location     Type
		None               void
 Registers used:
		wreg, status,2, cstack
 Tracked objects:
		On entry : 
		On exit  : 
		Unchanged: 
 Data sizes:     COMRAM   BANK0   BANK1   BANK2   BANK3   BANK4   BANK5   BANK6 BANK7hh  BANK7l   BANK8   BANK9  BANK10  BANK11  BANK12  BANK13  BANK14  BANK15
      Params:         0       0       0       0       0       0       0       0       0       0       0       0       0       0       0       0       0       0
      Locals:         0       0       0       0       0       0       0       0       0       0       0       0       0       0       0       0       0       0
      Temps:          0       0       0       0       0       0       0       0       0       0       0       0       0       0       0       0       0       0
      Totals:         0       0       0       0       0       0       0       0       0       0       0       0       0       0       0       0       0       0
Total ram usage:        0 bytes
 Hardware stack levels used:    1
 Hardware stack levels required when called:    1
 This function calls:
		i2_PWM1_Init
 This function is called by:
		_tache1
 This function uses a non-reentrant model


 *************** function i2_PWM1_Init *****************
 Defined at:
		line 19 in file "main.c"
 Parameters:    Size  Location     Type
		None
 Auto vars:     Size  Location     Type
		None
 Return value:  Size  Location     Type
		None               void
 Registers used:
		wreg, status,2
 Tracked objects:
		On entry : 
		On exit  : 
		Unchanged: 
 Data sizes:     COMRAM   BANK0   BANK1   BANK2   BANK3   BANK4   BANK5   BANK6 BANK7hh  BANK7l   BANK8   BANK9  BANK10  BANK11  BANK12  BANK13  BANK14  BANK15
      Params:         0       0       0       0       0       0       0       0       0       0       0       0       0       0       0       0       0       0
      Locals:         0       0       0       0       0       0       0       0       0       0       0       0       0       0       0       0       0       0
      Temps:          0       0       0       0       0       0       0       0       0       0       0       0       0       0       0       0       0       0
      Totals:         0       0       0       0       0       0       0       0       0       0       0       0       0       0       0       0       0       0
Total ram usage:        0 bytes
 Hardware stack levels used:    1
 This function calls:
		Nothing
 This function is called by:
		i2_initialisation_des_ports
 This function uses a non-reentrant model


 *************** function i2_Init *****************
 Defined at:
		line 5 in file "semaphore.c"
 Parameters:    Size  Location     Type
  Init            1    0[COMRAM] unsigned char 
 Auto vars:     Size  Location     Type
		None
 Return value:  Size  Location     Type
		None               void
 Registers used:
		wreg, status,2, status,0
 Tracked objects:
		On entry : 
		On exit  : 
		Unchanged: 
 Data sizes:     COMRAM   BANK0   BANK1   BANK2   BANK3   BANK4   BANK5   BANK6 BANK7hh  BANK7l   BANK8   BANK9  BANK10  BANK11  BANK12  BANK13  BANK14  BANK15
      Params:         1       0       0       0       0       0       0       0       0       0       0       0       0       0       0       0       0       0
      Locals:         0       0       0       0       0       0       0       0       0       0       0       0       0       0       0       0       0       0
      Temps:          1       0       0       0       0       0       0       0       0       0       0       0       0       0       0       0       0       0
      Totals:         2       0       0       0       0       0       0       0       0       0       0       0       0       0       0       0       0       0
Total ram usage:        2 bytes
 Hardware stack levels used:    1
 This function calls:
		Nothing
 This function is called by:
		_tache1
 This function uses a non-reentrant model



MODULE INFORMATION

Module		Function		Class		Link	Load	Size
afficheur.c
		_d2command     		CODE           	11E7A	0000	136
		_write_d_aff   		CODE           	1277A	0000	24
		_clear_text    		CODE           	12368	0000	96
		_initialisation		CODE           	116EE	0000	374
		_write_c_aff   		CODE           	12762	0000	24
		_clear_graphics		CODE           	123C8	0000	96
		_plot0         		CODE           	11B82	0000	214
		_draw_hex8     		CODE           	11F02	0000	134
		_delai_us_char 		CODE           	126A0	0000	38
		_draw_string   		CODE           	12428	0000	88
		_plot1         		CODE           	11AAC	0000	214
		_goto_lico     		CODE           	120EE	0000	112
		_command       		CODE           	125A6	0000	58
		_wait_status_ok		CODE           	11F88	0000	130
		_draw_char     		CODE           	12480	0000	82
		_d1command     		CODE           	122A6	0000	98
		_check_status_o		CODE           	12568	0000	62

afficheur.c estimated size: 1980

shared
		i2_PWM1_Init   		CODE           	127A8	0000	22
		__stringdata   		MEDIUMCONST    	FEE4	0000	282
		i2_Init        		CODE           	12676	0000	42
		__initializatio		CODE           	12616	0000	44
		i2_initialisati		CODE           	121CC	0000	110

shared estimated size: 500

systeme.c
		_initialisation		CODE           	10D0C	0000	946
		_fonction_d_int		CODE           	0008	0000	912

systeme.c estimated size: 1858

main.c
		_initialisation		CODE           	1215E	0000	110
		_main          		CODE           	12648	0000	46
		_PWM1_Init     		CODE           	12792	0000	22
		_lecture_8bit_a		CODE           	12522	0000	70

main.c estimated size: 248

C:\Program Files (x86)\Microchip\xc8\v1.12\sources\awmod.c
		___awmod       		CODE           	11DD2	0000	168

C:\Program Files (x86)\Microchip\xc8\v1.12\sources\awmod.c estimated size: 168

T1.c
		_alarm_icon    		CODE           	12308	0000	96
		_draw_empty_box		CODE           	11C58	0000	190
		_draw_box      		CODE           	1200A	0000	114
		_tache1        		CODE           	10000	0000	3340
		_clear_box     		CODE           	1207C	0000	114

T1.c estimated size: 3854

stid.c
		_lecture_normal		CODE           	119B4	0000	248
		_stid_delai_us 		CODE           	12708	0000	32

stid.c estimated size: 280

C:\Program Files (x86)\Microchip\xc8\v1.12\sources\awdiv.c
		___awdiv       		CODE           	11D16	0000	188

C:\Program Files (x86)\Microchip\xc8\v1.12\sources\awdiv.c estimated size: 188

T2.c
		_tache2        		CODE           	11864	0000	336
		_tp_delai      		CODE           	126E8	0000	32

T2.c estimated size: 368

semaphore.c
		_Init          		CODE           	125E0	0000	54

semaphore.c estimated size: 54

T3.c
		_tache3        		CODE           	1154C	0000	418

T3.c estimated size: 418

C:\Program Files (x86)\Microchip\xc8\v1.12\sources\lwdiv.c
		___lwdiv       		CODE           	1223A	0000	108

C:\Program Files (x86)\Microchip\xc8\v1.12\sources\lwdiv.c estimated size: 108

T4.c
		_tache4        		CODE           	11338	0000	532

T4.c estimated size: 532

rxtx.c
		_init_rxtx     		CODE           	126C6	0000	34

rxtx.c estimated size: 34

T5.c
		_setBit        		CODE           	12746	0000	28
		_tache5        		CODE           	110BE	0000	634
		_clearBit      		CODE           	12728	0000	30

T5.c estimated size: 692

T6.c
		_tache6        		CODE           	124D2	0000	80

T6.c estimated size: 80

