Microchip MPLAB XC8 Compiler V1.38 ()

Linker command line:

--edf=C:\Program Files (x86)\Microchip\xc8\v1.38\dat\en_msgs.txt -cs \
  -h+dist/default/debug\TP_STR.X.debug.sym \
  --cmf=dist/default/debug\TP_STR.X.debug.cmf -z -Q18F87K22 \
  -oC:\Users\Franck\AppData\Local\Temp\sb6s.2 \
  -Mdist/default/debug/TP_STR.X.debug.map -E1 -ver=XC8 -ASTACK=0642h-0f15h \
  -pstack=STACK -ACODE=00h-01FFFFh -ACONST=00h-01FFFFh \
  -ASMALLCONST=01000h-010FFhx496 \
  -AMEDIUMCONST=01000h-0FFFFh,011000h-01FFFFh -ACOMRAM=01h-05Fh \
  -AABS1=00h-0F15h -ABIGRAM=01h-0F15h \
  -ARAM=060h-0FFh,0100h-01FFhx14,0F00h-0F15h -ABANK0=060h-0FFh \
  -ABANK1=0100h-01FFh -ABANK2=0200h-02FFh -ABANK3=0300h-03FFh \
  -ABANK4=0400h-04FFh -ABANK5=0500h-05FFh -ABANK6=0600h-06FFh \
  -ABANK7=0700h-07FFh -ABANK8=0800h-08FFh -ABANK9=0900h-09FFh \
  -ABANK10=0A00h-0AFFh -ABANK11=0B00h-0BFFh -ABANK12=0C00h-0CFFh \
  -ABANK13=0D00h-0DFFh -ABANK14=0E00h-0EFFh -ABANK15=0F00h-0F15h \
  -ASFR=0F16h-0F5Fh,0F60h-0FFCh \
  -preset_vec=00h,intcode=08h,intcodelo,powerup,init,end_init \
  -pramtop=01000h -psmallconst=SMALLCONST -pmediumconst=MEDIUMCONST \
  -pconst=CONST -AFARRAM=00h-00h -ACONFIG=0300000h-030000Dh -pconfig=CONFIG \
  -AIDLOC=0200000h-0200007h -pidloc=IDLOC -AEEDATA=0F00000h-0F003FFh \
  -peeprom_data=EEDATA \
  -prdata=COMRAM,nvrram=COMRAM,nvbit=COMRAM,rbss=COMRAM,rbit=COMRAM \
  -pfarbss=FARRAM,fardata=FARRAM,nvFARRAM=FARRAM \
  -pintsave_regs=BIGRAM,bigbss=BIGRAM,bigdata=BIGRAM -pbss=RAM \
  -pidata=CODE,irdata=CODE,ibigdata=CODE,ifardata=CODE -prparam=COMRAM \
  C:\Users\Franck\AppData\Local\Temp\sb6s.obj \
  dist/default/debug\TP_STR.X.debug.obj 

Object code version is 3.11

Machine type is 18F87K22

Call graph: (short form)




                Name                               Link     Load   Length Selector   Space Scale
C:\Users\Franck\AppData\Local\Temp\sb6s.obj
                end_init                            362      362        4        4       0
                reset_vec                             0        0        6        0       0
                idloc                            200000   200000        8   200000       0
                config                           300000   300000        E   300000       0
dist/default/debug\TP_STR.X.debug.obj
                intcode                               8        8      35A        4       0
                temp                                 2D       2D        1        1       1
                smallconst                         1000     1000       8C      800       0
                text34                             1E8C     1E8C       22      846       0
                text33                             1A90     1A90       52      846       0
                text32                             1EC8     1EC8       1A      846       0
                text31                             1EAE     1EAE       1A      846       0
                text30                             1D14     1D14       3A      846       0
                text29                             1B32     1B32       50      846       0
                text28                             1DE6     1DE6       30      846       0
                text27                             1DB6     1DB6       30      846       0
                text26                             1D84     1D84       32      846       0
                text25                             19E2     19E2       5C      846       0
                text24                             1C1A     1C1A       40      846       0
                text23                             1AE2     1AE2       50      846       0
                text22                             1E16     1E16       2C      846       0
                text21                             1E6A     1E6A       22      846       0
                text20                             16CE     16CE       CC      846       0
                text19                             1D4E     1D4E       36      846       0
                text18                             18EE     18EE       84      846       0
                text17                             1972     1972       70      846       0
                text16                             1848     1848       A6      846       0
                text15                             1BCE     1BCE       4C      846       0
                text14                             108C     108C      2E4      846       0
                text13                             1A3E     1A3E       52      846       0
                text12                             1F12     1F12       18      846       0
                text11                             15D6     15D6       F8      846       0
                text10                             1CD6     1CD6       3E      846       0
                text9                              1C98     1C98       3E      846       0
                text8                              1C5A     1C5A       3E      846       0
                text7                              1EFA     1EFA       18      846       0
                text6                              179A     179A       AE      846       0
                text5                              1E42     1E42       28      846       0
                text3                              1F2A     1F2A       14      846       0
                text2                              1B82     1B82       4C      846       0
                text1                              1370     1370      266      846       0
                cstackCOMRAM                          1        1       20        1       1
                bssCOMRAM                            29       29        4        1       1
                cinit                              1F3E     1F3E       12      846       0
                nvCOMRAM                             21       21        8        1       1
                text0                              1EE2     1EE2       18      846       0

TOTAL           Name                               Link     Load   Length     Space
        CLASS   STACK          

        CLASS   CODE           
                end_init                            362      362        4         0
                intcode                               8        8      35A         0
                reset_vec                             0        0        6         0
                text34                             1E8C     1E8C       22         0
                text33                             1A90     1A90       52         0
                text32                             1EC8     1EC8       1A         0
                text31                             1EAE     1EAE       1A         0
                text30                             1D14     1D14       3A         0
                text29                             1B32     1B32       50         0
                text28                             1DE6     1DE6       30         0
                text27                             1DB6     1DB6       30         0
                text26                             1D84     1D84       32         0
                text25                             19E2     19E2       5C         0
                text24                             1C1A     1C1A       40         0
                text23                             1AE2     1AE2       50         0
                text22                             1E16     1E16       2C         0
                text21                             1E6A     1E6A       22         0
                text20                             16CE     16CE       CC         0
                text19                             1D4E     1D4E       36         0
                text18                             18EE     18EE       84         0
                text17                             1972     1972       70         0
                text16                             1848     1848       A6         0
                text15                             1BCE     1BCE       4C         0
                text14                             108C     108C      2E4         0
                text13                             1A3E     1A3E       52         0
                text12                             1F12     1F12       18         0
                text11                             15D6     15D6       F8         0
                text10                             1CD6     1CD6       3E         0
                text9                              1C98     1C98       3E         0
                text8                              1C5A     1C5A       3E         0
                text7                              1EFA     1EFA       18         0
                text6                              179A     179A       AE         0
                text5                              1E42     1E42       28         0
                text3                              1F2A     1F2A       14         0
                text2                              1B82     1B82       4C         0
                text1                              1370     1370      266         0
                cinit                              1F3E     1F3E       12         0
                text0                              1EE2     1EE2       18         0

        CLASS   CONST          

        CLASS   SMALLCONST     
                smallconst                         1000     1000       8C         0

        CLASS   MEDIUMCONST    

        CLASS   COMRAM         
                temp                                 2D       2D        1         1
                cstackCOMRAM                          1        1       20         1
                bssCOMRAM                            29       29        4         1
                nvCOMRAM                             21       21        8         1

        CLASS   ABS1           
                abs_s1                               60       60       20         1
                abs_s1                              100      100       42         1
                abs_s1                              103      103        1         1
                abs_s1                              200      200       42         1
                abs_s1                              203      203        1         1
                abs_s1                              300      300       42         1
                abs_s1                              303      303        1         1
                abs_s1                              400      400       42         1
                abs_s1                              403      403        1         1
                abs_s1                              500      500       42         1
                abs_s1                              503      503        1         1
                abs_s1                              600      600       42         1
                abs_s1                              603      603        1         1

        CLASS   BIGRAM         

        CLASS   RAM            

        CLASS   BANK0          

        CLASS   BANK1          

        CLASS   BANK2          

        CLASS   BANK3          

        CLASS   BANK4          

        CLASS   BANK5          

        CLASS   BANK6          

        CLASS   BANK7          

        CLASS   BANK8          

        CLASS   BANK9          

        CLASS   BANK10         

        CLASS   BANK11         

        CLASS   BANK12         

        CLASS   BANK13         

        CLASS   BANK14         

        CLASS   BANK15         

        CLASS   SFR            

        CLASS   FARRAM         

        CLASS   CONFIG         
                config                           300000   300000        E         0

        CLASS   IDLOC          
                idloc                            200000   200000        8         0

        CLASS   EEDATA         



SEGMENTS        Name                           Load    Length   Top    Selector   Space  Class

                reset_vec                      000000  000006  000006         0       0  CODE    
                cstackCOMRAM                   000001  00002D  00002E         1       1  COMRAM  
                intcode                        000008  00035E  000366         4       0  CODE    
                smallconst                     001000  00008C  00108C       800       0  SMALLCON
                text14                         00108C  000EC4  001F50       846       0  CODE    
                idloc                          200000  000008  200008    200000       0  IDLOC   
                config                         300000  00000E  30000E    300000       0  CONFIG  


UNUSED ADDRESS RANGES

        Name                Unused          Largest block    Delta
        BANK0            000080-0000FF               80
        BANK1            000142-0001FF               BE
        BANK10           000A00-000AFF              100
        BANK11           000B00-000BFF              100
        BANK12           000C00-000CFF              100
        BANK13           000D00-000DFF              100
        BANK14           000E00-000EFF              100
        BANK15           000F00-000F15               16
        BANK2            000242-0002FF               BE
        BANK3            000342-0003FF               BE
        BANK4            000442-0004FF               BE
        BANK5            000542-0005FF               BE
        BANK6            000642-0006FF               BE
        BANK7            000700-0007FF              100
        BANK8            000800-0008FF              100
        BANK9            000900-0009FF              100
        BIGRAM           00002E-00005F               32
                         000080-0000FF               80
                         000142-0001FF               BE
                         000242-0002FF               BE
                         000342-0003FF               BE
                         000442-0004FF               BE
                         000542-0005FF               BE
                         000642-000F15              8D4
        CODE             000006-000007                2
                         000366-000FFF              C9A
                         001F50-01FFFF            1E0B0
        COMRAM           00002E-00005F               32
        CONST            000006-000007                2
                         000366-000FFF              C9A
                         001F50-01FFFF            1E0B0
        EEDATA           F00000-F003FF              400
        MEDIUMCONST      001F50-00FFFF             E0B0
                         011000-01FFFF             F000
        RAM              000080-0000FF               80
                         000142-0001FF               BE
                         000242-0002FF               BE
                         000342-0003FF               BE
                         000442-0004FF               BE
                         000542-0005FF               BE
                         000642-000F15              100
        SFR              000F16-000FFC               4A
        SMALLCONST       001F50-01FFFF              100
        STACK            000642-000F15              8D4

                                  Symbol Table

?___awdiv                            cstackCOMRAM 000001
?___awmod                            cstackCOMRAM 000001
?___lwdiv                            cstackCOMRAM 000001
Init@sem                             cstackCOMRAM 000020
_ADCON0                              (abs)        000FC2
_ADCON0bits                          (abs)        000FC2
_ADCON1                              (abs)        000FC1
_ADCON2                              (abs)        000FC0
_ADRESH                              (abs)        000FC4
_ADRESL                              (abs)        000FC3
_ANCON0                              (abs)        000F25
_ANCON0bits                          (abs)        000F25
_ANCON1                              (abs)        000F24
_ANCON1bits                          (abs)        000F24
_ANCON2                              (abs)        000F23
_BSR                                 (abs)        000FE0
_BSR_TEMPORAIRE                      (abs)        000062
_DEMARRAGE                           (abs)        000065
_FSR0H                               (abs)        000FEA
_FSR0H_TEMPORAIRE                    (abs)        000063
_FSR0L                               (abs)        000FE9
_FSR0L_TEMPORAIRE                    (abs)        000064
_FSR1H                               (abs)        000FE2
_FSR1L                               (abs)        000FE1
_FSR2H                               (abs)        000FDA
_FSR2L                               (abs)        000FD9
_INTCON2bits                         (abs)        000FF1
_INTCONbits                          (abs)        000FF2
_Init                                text3        001F2A
_LATCbits                            (abs)        000F8B
_LATDbits                            (abs)        000F8C
_LATGbits                            (abs)        000F8F
_LATH                                (abs)        000F90
_LATJ                                (abs)        000F91
_LATJbits                            (abs)        000F91
_MEMCON                              (abs)        000F26
_PADCFG1bits                         (abs)        000F53
_PCLATH                              (abs)        000FFA
_PCLATU                              (abs)        000FFB
_PORTBbits                           (abs)        000F81
_PORTDbits                           (abs)        000F83
_PORTEbits                           (abs)        000F84
_PORTH                               (abs)        000F87
_POSTINC0                            (abs)        000FEE
_POSTINC1                            (abs)        000FE6
_PRODH                               (abs)        000FF4
_PRODL                               (abs)        000FF3
_STATUS                              (abs)        000FD8
_STATUS_TEMPORAIRE                   (abs)        000061
_STKPTR                              (abs)        000FFC
_STKPTR_T1                           (abs)        000103
_STKPTR_T2                           (abs)        000203
_STKPTR_T3                           (abs)        000303
_STKPTR_T4                           (abs)        000403
_STKPTR_T5                           (abs)        000503
_STKPTR_T6                           (abs)        000603
_T0CON                               (abs)        000FD5
_T0CONbits                           (abs)        000FD5
_T0IE                                (abs)        007F95
_T0IF                                (abs)        007F92
_TABLAT                              (abs)        000FF5
_TBLPTRH                             (abs)        000FF7
_TBLPTRL                             (abs)        000FF6
_TBLPTRU                             (abs)        000FF8
_TMR0                                (abs)        000FD6
_TOSH                                (abs)        000FFE
_TOSL                                (abs)        000FFD
_TOSU                                (abs)        000FFF
_TP_appui                            (abs)        000066
_TP_x                                (abs)        000067
_TP_y                                (abs)        000068
_TRISCbits                           (abs)        000F94
_TRISDbits                           (abs)        000F95
_TRISGbits                           (abs)        000F98
_TRISH                               (abs)        000F99
_TRISJ                               (abs)        000F9A
_Tick_Count                          (abs)        000071
_Val_sem_cna                         bssCOMRAM    00002C
_WREG                                (abs)        000FE8
_W_TEMPORAIRE                        (abs)        000060
__CFG_ABW$MM                         (abs)        000000
__CFG_BBSIZ$BB1K                     (abs)        000000
__CFG_BOREN$OFF                      (abs)        000000
__CFG_BORPWR$ZPBORMV                 (abs)        000000
__CFG_BORV$0                         (abs)        000000
__CFG_BW$8                           (abs)        000000
__CFG_CCP2MX$PORTBE                  (abs)        000000
__CFG_CP0$OFF                        (abs)        000000
__CFG_CP1$OFF                        (abs)        000000
__CFG_CP2$OFF                        (abs)        000000
__CFG_CP3$OFF                        (abs)        000000
__CFG_CP4$OFF                        (abs)        000000
__CFG_CP5$OFF                        (abs)        000000
__CFG_CP6$OFF                        (abs)        000000
__CFG_CP7$OFF                        (abs)        000000
__CFG_CPB$OFF                        (abs)        000000
__CFG_CPD$OFF                        (abs)        000000
__CFG_DEBUG$OFF                      (abs)        000000
__CFG_EASHFT$OFF                     (abs)        000000
__CFG_EBRT0$OFF                      (abs)        000000
__CFG_EBRT1$OFF                      (abs)        000000
__CFG_EBRT2$OFF                      (abs)        000000
__CFG_EBRT3$OFF                      (abs)        000000
__CFG_EBRT4$OFF                      (abs)        000000
__CFG_EBRT5$OFF                      (abs)        000000
__CFG_EBRT6$OFF                      (abs)        000000
__CFG_EBRT7$OFF                      (abs)        000000
__CFG_EBRTB$OFF                      (abs)        000000
__CFG_ECCPMX$PORTH                   (abs)        000000
__CFG_FCMEN$OFF                      (abs)        000000
__CFG_FOSC$HS1                       (abs)        000000
__CFG_IESO$OFF                       (abs)        000000
__CFG_INTOSCSEL$HIGH                 (abs)        000000
__CFG_MCLRE$ON                       (abs)        000000
__CFG_MSSPMSK$MSK5                   (abs)        000000
__CFG_PLLCFG$ON                      (abs)        000000
__CFG_PWRTEN$OFF                     (abs)        000000
__CFG_RETEN$ON                       (abs)        000000
__CFG_RTCOSC$INTOSCREF               (abs)        000000
__CFG_SOSCSEL$DIG                    (abs)        000000
__CFG_STVREN$ON                      (abs)        000000
__CFG_WAIT$ON                        (abs)        000000
__CFG_WDTEN$OFF                      (abs)        000000
__CFG_WDTPS$1                        (abs)        000000
__CFG_WRT0$OFF                       (abs)        000000
__CFG_WRT1$OFF                       (abs)        000000
__CFG_WRT2$OFF                       (abs)        000000
__CFG_WRT3$OFF                       (abs)        000000
__CFG_WRT4$OFF                       (abs)        000000
__CFG_WRT5$OFF                       (abs)        000000
__CFG_WRT6$OFF                       (abs)        000000
__CFG_WRT7$OFF                       (abs)        000000
__CFG_WRTB$OFF                       (abs)        000000
__CFG_WRTC$OFF                       (abs)        000000
__CFG_WRTD$OFF                       (abs)        000000
__CFG_XINST$OFF                      (abs)        000000
__HRAM                               (abs)        000000
__Habs1                              abs1         000000
__Hbank0                             bank0        000000
__Hbank1                             bank1        000000
__Hbank10                            bank10       000000
__Hbank11                            bank11       000000
__Hbank12                            bank12       000000
__Hbank13                            bank13       000000
__Hbank14                            bank14       000000
__Hbank15                            bank15       000000
__Hbank2                             bank2        000000
__Hbank3                             bank3        000000
__Hbank4                             bank4        000000
__Hbank5                             bank5        000000
__Hbank6                             bank6        000000
__Hbank7                             bank7        000000
__Hbank8                             bank8        000000
__Hbank9                             bank9        000000
__Hbigbss                            bigbss       000000
__Hbigdata                           bigdata      000000
__Hbigram                            bigram       000000
__Hbss                               bss          000000
__HbssCOMRAM                         bssCOMRAM    000000
__Hcinit                             cinit        000000
__Hclrtext                           clrtext      000000
__Hcomram                            comram       000000
__Hconfig                            config       30000E
__Hconst                             const        000000
__HcstackCOMRAM                      cstackCOMRAM 000000
__Hdata                              data         000000
__Heeprom_data                       eeprom_data  000000
__Hend_init                          end_init     000366
__Hfarbss                            farbss       000000
__Hfardata                           fardata      000000
__Hibigdata                          ibigdata     000000
__Hidata                             idata        000000
__Hidloc                             idloc        200008
__Hifardata                          ifardata     000000
__Hinit                              init         000362
__Hintcode                           intcode      000362
__Hintcode_body                      intcode_body 000000
__Hintcodelo                         intcodelo    000362
__Hintentry                          intentry     000000
__Hintret                            intret       000000
__Hintsave_regs                      intsave_regs 000000
__Hirdata                            irdata       000000
__Hmediumconst                       mediumconst  000000
__HnvCOMRAM                          nvCOMRAM     000000
__HnvFARRAM                          nvFARRAM     000000
__Hnvbit                             nvbit        000000
__Hnvrram                            nvrram       000000
__Hparam                             rparam       000000
__Hpowerup                           powerup      000362
__Hram                               ram          000000
__Hramtop                            ramtop       001000
__Hrbit                              rbit         000000
__Hrbss                              rbss         000000
__Hrdata                             rdata        000000
__Hreset_vec                         reset_vec    000006
__Hrparam                            rparam       000000
__Hsfr                               sfr          000000
__Hsmallconst                        smallconst   00108C
__Hspace_0                           (abs)        30000E
__Hspace_1                           (abs)        00002E
__Hspace_2                           (abs)        000000
__Hstack                             stack        000000
__Hstruct                            struct       000000
__Htemp                              temp         00002E
__Htext                              text         000000
__Htext0                             text0        000000
__Htext1                             text1        000000
__Htext10                            text10       000000
__Htext11                            text11       000000
__Htext12                            text12       000000
__Htext13                            text13       000000
__Htext14                            text14       000000
__Htext15                            text15       000000
__Htext16                            text16       000000
__Htext17                            text17       000000
__Htext18                            text18       000000
__Htext19                            text19       000000
__Htext2                             text2        000000
__Htext20                            text20       000000
__Htext21                            text21       000000
__Htext22                            text22       000000
__Htext23                            text23       000000
__Htext24                            text24       000000
__Htext25                            text25       000000
__Htext26                            text26       000000
__Htext27                            text27       000000
__Htext28                            text28       000000
__Htext29                            text29       000000
__Htext3                             text3        000000
__Htext30                            text30       000000
__Htext31                            text31       000000
__Htext32                            text32       000000
__Htext33                            text33       000000
__Htext34                            text34       000000
__Htext35                            text35       000000
__Htext5                             text5        000000
__Htext6                             text6        000000
__Htext7                             text7        000000
__Htext8                             text8        000000
__Htext9                             text9        000000
__LRAM                               (abs)        000001
__Labs1                              abs1         000000
__Lbank0                             bank0        000000
__Lbank1                             bank1        000000
__Lbank10                            bank10       000000
__Lbank11                            bank11       000000
__Lbank12                            bank12       000000
__Lbank13                            bank13       000000
__Lbank14                            bank14       000000
__Lbank15                            bank15       000000
__Lbank2                             bank2        000000
__Lbank3                             bank3        000000
__Lbank4                             bank4        000000
__Lbank5                             bank5        000000
__Lbank6                             bank6        000000
__Lbank7                             bank7        000000
__Lbank8                             bank8        000000
__Lbank9                             bank9        000000
__Lbigbss                            bigbss       000000
__Lbigdata                           bigdata      000000
__Lbigram                            bigram       000000
__Lbss                               bss          000000
__LbssCOMRAM                         bssCOMRAM    000000
__Lcinit                             cinit        000000
__Lclrtext                           clrtext      000000
__Lcomram                            comram       000000
__Lconfig                            config       300000
__Lconst                             const        000000
__LcstackCOMRAM                      cstackCOMRAM 000000
__Ldata                              data         000000
__Leeprom_data                       eeprom_data  000000
__Lend_init                          end_init     000362
__Lfarbss                            farbss       000000
__Lfardata                           fardata      000000
__Libigdata                          ibigdata     000000
__Lidata                             idata        000000
__Lidloc                             idloc        200000
__Lifardata                          ifardata     000000
__Linit                              init         000362
__Lintcode                           intcode      000008
__Lintcode_body                      intcode_body 000000
__Lintcodelo                         intcodelo    000362
__Lintentry                          intentry     000000
__Lintret                            intret       000000
__Lintsave_regs                      intsave_regs 000000
__Lirdata                            irdata       000000
__Lmediumconst                       mediumconst  000000
__LnvCOMRAM                          nvCOMRAM     000000
__LnvFARRAM                          nvFARRAM     000000
__Lnvbit                             nvbit        000000
__Lnvrram                            nvrram       000000
__Lparam                             rparam       000000
__Lpowerup                           powerup      000362
__Lram                               ram          000000
__Lramtop                            ramtop       001000
__Lrbit                              rbit         000000
__Lrbss                              rbss         000000
__Lrdata                             rdata        000000
__Lreset_vec                         reset_vec    000000
__Lrparam                            rparam       000000
__Lsfr                               sfr          000000
__Lsmallconst                        smallconst   001000
__Lspace_0                           (abs)        000000
__Lspace_1                           (abs)        000000
__Lspace_2                           (abs)        000000
__Lstack                             stack        000000
__Lstruct                            struct       000000
__Ltemp                              temp         00002D
__Ltext                              text         000000
__Ltext0                             text0        000000
__Ltext1                             text1        000000
__Ltext10                            text10       000000
__Ltext11                            text11       000000
__Ltext12                            text12       000000
__Ltext13                            text13       000000
__Ltext14                            text14       000000
__Ltext15                            text15       000000
__Ltext16                            text16       000000
__Ltext17                            text17       000000
__Ltext18                            text18       000000
__Ltext19                            text19       000000
__Ltext2                             text2        000000
__Ltext20                            text20       000000
__Ltext21                            text21       000000
__Ltext22                            text22       000000
__Ltext23                            text23       000000
__Ltext24                            text24       000000
__Ltext25                            text25       000000
__Ltext26                            text26       000000
__Ltext27                            text27       000000
__Ltext28                            text28       000000
__Ltext29                            text29       000000
__Ltext3                             text3        000000
__Ltext30                            text30       000000
__Ltext31                            text31       000000
__Ltext32                            text32       000000
__Ltext33                            text33       000000
__Ltext34                            text34       000000
__Ltext35                            text35       000000
__Ltext5                             text5        000000
__Ltext6                             text6        000000
__Ltext7                             text7        000000
__Ltext8                             text8        000000
__Ltext9                             text9        000000
__S0                                 (abs)        30000E
__S1                                 (abs)        00002E
__S2                                 (abs)        000000
___awdiv                             text18       0018EE
___awdiv@counter                     cstackCOMRAM 000005
___awdiv@dividend                    cstackCOMRAM 000001
___awdiv@divisor                     cstackCOMRAM 000003
___awdiv@quotient                    cstackCOMRAM 000007
___awdiv@sign                        cstackCOMRAM 000006
___awmod                             text17       001972
___awmod@counter                     cstackCOMRAM 000005
___awmod@dividend                    cstackCOMRAM 000001
___awmod@divisor                     cstackCOMRAM 000003
___awmod@sign                        cstackCOMRAM 000006
___inthi_sp                          stack        000000
___intlo_sp                          stack        000000
___lwdiv                             text13       001A3E
___lwdiv@counter                     cstackCOMRAM 000007
___lwdiv@dividend                    cstackCOMRAM 000001
___lwdiv@divisor                     cstackCOMRAM 000003
___lwdiv@quotient                    cstackCOMRAM 000005
___param_bank                        (abs)        000010
___rparam_used                       (abs)        000001
___sp                                stack        000000
__accesstop                          (abs)        000060
__activetblptr                       (abs)        000003
__end_of_Init                        text3        001F3E
__end_of___awdiv                     text18       001972
__end_of___awmod                     text17       0019E2
__end_of___lwdiv                     text13       001A90
__end_of__initialization             cinit        001F46
__end_of_check_status_ok             text22       001E42
__end_of_clear_graphics              text28       001E16
__end_of_clear_text                  text27       001DE6
__end_of_command                     text21       001E8C
__end_of_d1command                   text30       001D4E
__end_of_d2command                   text29       001B82
__end_of_delai_us_char               text34       001EAE
__end_of_draw_char                   text26       001DB6
__end_of_draw_hex8                   text25       001A3E
__end_of_draw_string                 text24       001C5A
__end_of_fonction_d_interruption     intcode      000362
__end_of_goto_lico                   text23       001B32
__end_of_initialisation_afficheur    text20       00179A
__end_of_initialisation_des_ports    text2        001BCE
__end_of_initialisation_du_systeme   text1        0015D6
__end_of_lecture_8bit_analogique     text19       001D84
__end_of_lecture_normale             text6        001848
__end_of_main                        text0        001EFA
__end_of_plot1                       text16       0018EE
__end_of_stid_delai_us               text7        001F12
__end_of_tache1                      text14       001370
__end_of_tache2                      text11       0016CE
__end_of_tache3                      text10       001D14
__end_of_tache4                      text9        001CD6
__end_of_tache5                      text8        001C98
__end_of_tache6                      text5        001E6A
__end_of_tp_delai                    text12       001F2A
__end_of_wait_status_ok              text33       001AE2
__end_of_write_c_aff                 text32       001EE2
__end_of_write_d_aff                 text31       001EC8
__end_ofi2_initialisation_des_ports  text15       001C1A
__initialization                     cinit        001F3E
__mediumconst                        mediumconst  000000
__pbssCOMRAM                         bssCOMRAM    000029
__pcinit                             cinit        001F3E
__pcstackCOMRAM                      cstackCOMRAM 000001
__pintcode                           intcode      000008
__pnvCOMRAM                          nvCOMRAM     000021
__psmallconst                        smallconst   001000
__ptext0                             text0        001EE2
__ptext1                             text1        001370
__ptext10                            text10       001CD6
__ptext11                            text11       0015D6
__ptext12                            text12       001F12
__ptext13                            text13       001A3E
__ptext14                            text14       00108C
__ptext15                            text15       001BCE
__ptext16                            text16       001848
__ptext17                            text17       001972
__ptext18                            text18       0018EE
__ptext19                            text19       001D4E
__ptext2                             text2        001B82
__ptext20                            text20       0016CE
__ptext21                            text21       001E6A
__ptext22                            text22       001E16
__ptext23                            text23       001AE2
__ptext24                            text24       001C1A
__ptext25                            text25       0019E2
__ptext26                            text26       001D84
__ptext27                            text27       001DB6
__ptext28                            text28       001DE6
__ptext29                            text29       001B32
__ptext3                             text3        001F2A
__ptext30                            text30       001D14
__ptext31                            text31       001EAE
__ptext32                            text32       001EC8
__ptext33                            text33       001A90
__ptext34                            text34       001E8C
__ptext35                            text35       000000
__ptext5                             text5        001E42
__ptext6                             text6        00179A
__ptext7                             text7        001EFA
__ptext8                             text8        001C5A
__ptext9                             text9        001C98
__ramtop                             ramtop       001000
__size_of_Init                       (abs)        000000
__size_of___awdiv                    (abs)        000000
__size_of___awmod                    (abs)        000000
__size_of___lwdiv                    (abs)        000000
__size_of_check_status_ok            (abs)        000000
__size_of_clear_graphics             (abs)        000000
__size_of_clear_text                 (abs)        000000
__size_of_command                    (abs)        000000
__size_of_d1command                  (abs)        000000
__size_of_d2command                  (abs)        000000
__size_of_delai_us_char              (abs)        000000
__size_of_draw_char                  (abs)        000000
__size_of_draw_hex8                  (abs)        000000
__size_of_draw_string                (abs)        000000
__size_of_fonction_d_interruption    (abs)        000000
__size_of_goto_lico                  (abs)        000000
__size_of_initialisation_afficheur   (abs)        000000
__size_of_initialisation_des_ports   (abs)        000000
__size_of_initialisation_du_systeme  (abs)        000000
__size_of_lecture_8bit_analogique    (abs)        000000
__size_of_lecture_normale            (abs)        000000
__size_of_main                       (abs)        000000
__size_of_plot1                      (abs)        000000
__size_of_stid_delai_us              (abs)        000000
__size_of_tache1                     (abs)        000000
__size_of_tache2                     (abs)        000000
__size_of_tache3                     (abs)        000000
__size_of_tache4                     (abs)        000000
__size_of_tache5                     (abs)        000000
__size_of_tache6                     (abs)        000000
__size_of_tp_delai                   (abs)        000000
__size_of_wait_status_ok             (abs)        000000
__size_of_write_c_aff                (abs)        000000
__size_of_write_d_aff                (abs)        000000
__size_ofi2_initialisation_des_ports (abs)        000000
__smallconst                         smallconst   001000
_badge                               (abs)        000075
_batterie                            (abs)        000074
_check_status_ok                     text22       001E16
_clear_graphics                      text28       001DE6
_clear_text                          text27       001DB6
_command                             text21       001E6A
_contexte1                           (abs)        000100
_contexte2                           (abs)        000200
_contexte3                           (abs)        000300
_contexte4                           (abs)        000400
_contexte5                           (abs)        000500
_contexte6                           (abs)        000600
_d1command                           text30       001D14
_d2command                           text29       001B32
_delai_us_char                       text34       001E8C
_draw_char                           text26       001D84
_draw_hex8                           text25       0019E2
_draw_string                         text24       001C1A
_fonction_d_interruption             intcode      000008
_fptr                                nvCOMRAM     000021
_goto_lico                           text23       001AE2
_initialisation_afficheur            text20       0016CE
_initialisation_des_ports            text2        001B82
_initialisation_du_systeme           text1        001370
_lecture_8bit_analogique             text19       001D4E
_lecture_normale                     text6        00179A
_main                                text0        001EE2
_n_octet_badge                       (abs)        00007F
_plot1                               text16       001848
_pointeur_de_tache                   (abs)        000070
_puc                                 nvCOMRAM     000024
_queue                               (abs)        000069
_stid_delai_us                       text7        001EFA
_tache1                              text14       00108C
_tache2                              text11       0015D6
_tache3                              text10       001CD6
_tache4                              text9        001C98
_tache5                              text8        001C5A
_tache6                              text5        001E42
_tache_active                        (abs)        00006F
_tc                                  bssCOMRAM    000029
_tp_delai                            text12       001F12
_val_tos                             nvCOMRAM     000026
_vitesse                             (abs)        000073
_wait_status_ok                      text33       001A90
_write_c_aff                         text32       001EC8
_write_d_aff                         text31       001EAE
btemp                                temp         00002D
check_status_ok@res                  cstackCOMRAM 000001
clear_graphics@add                   cstackCOMRAM 000009
clear_text@add                       cstackCOMRAM 000009
command@cmd                          cstackCOMRAM 000006
command@res                          cstackCOMRAM 000005
d1command@cmd                        cstackCOMRAM 000005
d1command@d1                         cstackCOMRAM 000006
d1command@res                        cstackCOMRAM 000007
d2command@cmd                        cstackCOMRAM 000006
d2command@d1                         cstackCOMRAM 000007
d2command@d2                         cstackCOMRAM 000005
d2command@res                        cstackCOMRAM 000008
delai_us_char@ucdelai                cstackCOMRAM 000001
draw_char@dccar                      cstackCOMRAM 000008
draw_hex8@c                          cstackCOMRAM 000009
draw_hex8@octet                      cstackCOMRAM 000008
draw_string@tableau                  cstackCOMRAM 000008
end_of_initialization                cinit        001F46
goto_lico@adr                        cstackCOMRAM 00000B
goto_lico@colonne                    cstackCOMRAM 000009
goto_lico@ligne                      cstackCOMRAM 00000A
i2_initialisation_des_ports          text15       001BCE
initialisation_afficheur@error_count cstackCOMRAM 000009
initialisation_du_systeme@temp       cstackCOMRAM 000020
int$flags                            temp         00002D
intlevel0                            text         000000
intlevel1                            text         000000
intlevel2                            text         000000
intlevel3                            text         000000
lecture_8bit_analogique@channel      cstackCOMRAM 000002
lecture_8bit_analogique@ret          cstackCOMRAM 000001
lecture_normale@n_bit                cstackCOMRAM 000007
lecture_normale@n_octet              cstackCOMRAM 000006
lecture_normale@octet                cstackCOMRAM 000008
lecture_normale@stid_id              cstackCOMRAM 000003
lecture_normale@temps_attente        cstackCOMRAM 000005
plot1@add                            cstackCOMRAM 00000A
plot1@x                              cstackCOMRAM 00000C
plot1@y                              cstackCOMRAM 000009
stackhi                              (abs)        000F15
stacklo                              (abs)        000642
start                                init         000362
start_initialization                 cinit        001F3E
stid_delai_us@isdu                   cstackCOMRAM 000001
tache1@i                             cstackCOMRAM 00000D
tache2@hx                            cstackCOMRAM 00000E
tache2@hy                            cstackCOMRAM 000010
tache2@ix                            cstackCOMRAM 00000A
tache2@iy                            cstackCOMRAM 00000C
tache2@lx                            cstackCOMRAM 00000F
tache2@ly                            cstackCOMRAM 000011
tache6@n                             cstackCOMRAM 000009
tp_delai@itpd                        cstackCOMRAM 000001
wait_status_ok@err                   cstackCOMRAM 000002
wait_status_ok@res                   cstackCOMRAM 000004
wait_status_ok@status                cstackCOMRAM 000003
write_c_aff@command                  cstackCOMRAM 000001
write_d_aff@data                     cstackCOMRAM 000001


FUNCTION INFORMATION:

 *************** function _main *****************
 Defined at:
		line 3 in file "main.c"
 Parameters:    Size  Location     Type
		None
 Auto vars:     Size  Location     Type
		None
 Return value:  Size  Location     Type
                  1    wreg      void 
 Registers used:
		wreg, fsr2l, fsr2h, status,2, status,0, prodl, prodh, cstack
 Tracked objects:
		On entry : 
		On exit  : 
		Unchanged: 
 Data sizes:     COMRAM   BANK0   BANK1   BANK2   BANK3   BANK4   BANK5   BANK6   BANK7   BANK8   BANK9  BANK10  BANK11  BANK12  BANK13  BANK14  BANK15
      Params:         0       0       0       0       0       0       0       0       0       0       0       0       0       0       0       0       0
      Locals:         0       0       0       0       0       0       0       0       0       0       0       0       0       0       0       0       0
      Temps:          0       0       0       0       0       0       0       0       0       0       0       0       0       0       0       0       0
      Totals:         0       0       0       0       0       0       0       0       0       0       0       0       0       0       0       0       0
Total ram usage:        0 bytes
 Hardware stack levels required when called:    7
 This function calls:
		_Init
		_initialisation_des_ports
		_initialisation_du_systeme
 This function is called by:
		Startup code after reset
 This function uses a non-reentrant model


 *************** function _initialisation_du_systeme *****************
 Defined at:
		line 131 in file "systeme.c"
 Parameters:    Size  Location     Type
		None
 Auto vars:     Size  Location     Type
  temp            1   31[COMRAM] unsigned char 
 Return value:  Size  Location     Type
                  1    wreg      void 
 Registers used:
		wreg, fsr2l, fsr2h, status,2, status,0, prodl, prodh
 Tracked objects:
		On entry : 
		On exit  : 
		Unchanged: 
 Data sizes:     COMRAM   BANK0   BANK1   BANK2   BANK3   BANK4   BANK5   BANK6   BANK7   BANK8   BANK9  BANK10  BANK11  BANK12  BANK13  BANK14  BANK15
      Params:         0       0       0       0       0       0       0       0       0       0       0       0       0       0       0       0       0
      Locals:         1       0       0       0       0       0       0       0       0       0       0       0       0       0       0       0       0
      Temps:          0       0       0       0       0       0       0       0       0       0       0       0       0       0       0       0       0
      Totals:         1       0       0       0       0       0       0       0       0       0       0       0       0       0       0       0       0
Total ram usage:        1 bytes
 Hardware stack levels used:    1
 Hardware stack levels required when called:    6
 This function calls:
		Nothing
 This function is called by:
		_main
 This function uses a non-reentrant model


 *************** function _initialisation_des_ports *****************
 Defined at:
		line 20 in file "main.c"
 Parameters:    Size  Location     Type
		None
 Auto vars:     Size  Location     Type
		None
 Return value:  Size  Location     Type
                  1    wreg      void 
 Registers used:
		wreg, status,2
 Tracked objects:
		On entry : 
		On exit  : 
		Unchanged: 
 Data sizes:     COMRAM   BANK0   BANK1   BANK2   BANK3   BANK4   BANK5   BANK6   BANK7   BANK8   BANK9  BANK10  BANK11  BANK12  BANK13  BANK14  BANK15
      Params:         0       0       0       0       0       0       0       0       0       0       0       0       0       0       0       0       0
      Locals:         0       0       0       0       0       0       0       0       0       0       0       0       0       0       0       0       0
      Temps:          0       0       0       0       0       0       0       0       0       0       0       0       0       0       0       0       0
      Totals:         0       0       0       0       0       0       0       0       0       0       0       0       0       0       0       0       0
Total ram usage:        0 bytes
 Hardware stack levels used:    1
 Hardware stack levels required when called:    6
 This function calls:
		Nothing
 This function is called by:
		_main
 This function uses a non-reentrant model


 *************** function _Init *****************
 Defined at:
		line 4 in file "semaphore.c"
 Parameters:    Size  Location     Type
  sem             1    wreg     unsigned char 
 Auto vars:     Size  Location     Type
  sem             1   31[COMRAM] unsigned char 
 Return value:  Size  Location     Type
                  1    wreg      void 
 Registers used:
		wreg, status,2, status,0
 Tracked objects:
		On entry : 
		On exit  : 
		Unchanged: 
 Data sizes:     COMRAM   BANK0   BANK1   BANK2   BANK3   BANK4   BANK5   BANK6   BANK7   BANK8   BANK9  BANK10  BANK11  BANK12  BANK13  BANK14  BANK15
      Params:         0       0       0       0       0       0       0       0       0       0       0       0       0       0       0       0       0
      Locals:         1       0       0       0       0       0       0       0       0       0       0       0       0       0       0       0       0
      Temps:          0       0       0       0       0       0       0       0       0       0       0       0       0       0       0       0       0
      Totals:         1       0       0       0       0       0       0       0       0       0       0       0       0       0       0       0       0
Total ram usage:        1 bytes
 Hardware stack levels used:    1
 Hardware stack levels required when called:    6
 This function calls:
		Nothing
 This function is called by:
		_main
 This function uses a non-reentrant model


 *************** function _fonction_d_interruption *****************
 Defined at:
		line 17 in file "systeme.c"
 Parameters:    Size  Location     Type
		None
 Auto vars:     Size  Location     Type
		None
 Return value:  Size  Location     Type
                  1    wreg      void 
 Registers used:
		wreg, fsr2l, fsr2h, status,2, status,0, tblptrl, tblptrh, tblptru, prodl, prodh, cstack
 Tracked objects:
		On entry : 
		On exit  : 
		Unchanged: 
 Data sizes:     COMRAM   BANK0   BANK1   BANK2   BANK3   BANK4   BANK5   BANK6   BANK7   BANK8   BANK9  BANK10  BANK11  BANK12  BANK13  BANK14  BANK15
      Params:         0       0       0       0       0       0       0       0       0       0       0       0       0       0       0       0       0
      Locals:         0       0       0       0       0       0       0       0       0       0       0       0       0       0       0       0       0
      Temps:         14       0       0       0       0       0       0       0       0       0       0       0       0       0       0       0       0
      Totals:        14       0       0       0       0       0       0       0       0       0       0       0       0       0       0       0       0
Total ram usage:       14 bytes
 Hardware stack levels used:    1
 Hardware stack levels required when called:    5
 This function calls:
		_tache1
		_tache2
		_tache3
		_tache4
		_tache5
		_tache6
 This function is called by:
		Interrupt level 2
 This function uses a non-reentrant model


 *************** function _tache6 *****************
 Defined at:
		line 3 in file "T6.c"
 Parameters:    Size  Location     Type
		None
 Auto vars:     Size  Location     Type
  n               1    8[COMRAM] unsigned char 
 Return value:  Size  Location     Type
                  1    wreg      void 
 Registers used:
		wreg, fsr2l, fsr2h, status,2, status,0, prodl, prodh, cstack
 Tracked objects:
		On entry : 
		On exit  : 
		Unchanged: 
 Data sizes:     COMRAM   BANK0   BANK1   BANK2   BANK3   BANK4   BANK5   BANK6   BANK7   BANK8   BANK9  BANK10  BANK11  BANK12  BANK13  BANK14  BANK15
      Params:         0       0       0       0       0       0       0       0       0       0       0       0       0       0       0       0       0
      Locals:         1       0       0       0       0       0       0       0       0       0       0       0       0       0       0       0       0
      Temps:          0       0       0       0       0       0       0       0       0       0       0       0       0       0       0       0       0
      Totals:         1       0       0       0       0       0       0       0       0       0       0       0       0       0       0       0       0
Total ram usage:        1 bytes
 Hardware stack levels used:    1
 Hardware stack levels required when called:    2
 This function calls:
		_lecture_normale
 This function is called by:
		_fonction_d_interruption
		_initialisation_du_systeme
 This function uses a non-reentrant model


 *************** function _lecture_normale *****************
 Defined at:
		line 5 in file "stid.c"
 Parameters:    Size  Location     Type
  stid_id         2    2[COMRAM] PTR unsigned char 
		 -> badge(10), 
 Auto vars:     Size  Location     Type
  octet           1    7[COMRAM] unsigned char 
  n_bit           1    6[COMRAM] unsigned char 
  n_octet         1    5[COMRAM] unsigned char 
  temps_attent    1    4[COMRAM] unsigned char 
 Return value:  Size  Location     Type
                  1    wreg      unsigned char 
 Registers used:
		wreg, fsr2l, fsr2h, status,2, status,0, prodl, prodh, cstack
 Tracked objects:
		On entry : 
		On exit  : 
		Unchanged: 
 Data sizes:     COMRAM   BANK0   BANK1   BANK2   BANK3   BANK4   BANK5   BANK6   BANK7   BANK8   BANK9  BANK10  BANK11  BANK12  BANK13  BANK14  BANK15
      Params:         2       0       0       0       0       0       0       0       0       0       0       0       0       0       0       0       0
      Locals:         4       0       0       0       0       0       0       0       0       0       0       0       0       0       0       0       0
      Temps:          0       0       0       0       0       0       0       0       0       0       0       0       0       0       0       0       0
      Totals:         6       0       0       0       0       0       0       0       0       0       0       0       0       0       0       0       0
Total ram usage:        6 bytes
 Hardware stack levels used:    1
 Hardware stack levels required when called:    1
 This function calls:
		_stid_delai_us
 This function is called by:
		_tache6
 This function uses a non-reentrant model


 *************** function _stid_delai_us *****************
 Defined at:
		line 56 in file "stid.c"
 Parameters:    Size  Location     Type
  isdu            2    0[COMRAM] unsigned int 
 Auto vars:     Size  Location     Type
		None
 Return value:  Size  Location     Type
                  1    wreg      void 
 Registers used:
		wreg, status,2, status,0
 Tracked objects:
		On entry : 
		On exit  : 
		Unchanged: 
 Data sizes:     COMRAM   BANK0   BANK1   BANK2   BANK3   BANK4   BANK5   BANK6   BANK7   BANK8   BANK9  BANK10  BANK11  BANK12  BANK13  BANK14  BANK15
      Params:         2       0       0       0       0       0       0       0       0       0       0       0       0       0       0       0       0
      Locals:         0       0       0       0       0       0       0       0       0       0       0       0       0       0       0       0       0
      Temps:          0       0       0       0       0       0       0       0       0       0       0       0       0       0       0       0       0
      Totals:         2       0       0       0       0       0       0       0       0       0       0       0       0       0       0       0       0
Total ram usage:        2 bytes
 Hardware stack levels used:    1
 This function calls:
		Nothing
 This function is called by:
		_lecture_normale
 This function uses a non-reentrant model


 *************** function _tache5 *****************
 Defined at:
		line 3 in file "T5.c"
 Parameters:    Size  Location     Type
		None
 Auto vars:     Size  Location     Type
		None
 Return value:  Size  Location     Type
                  1    wreg      void 
 Registers used:
		wreg, status,2, status,0
 Tracked objects:
		On entry : 
		On exit  : 
		Unchanged: 
 Data sizes:     COMRAM   BANK0   BANK1   BANK2   BANK3   BANK4   BANK5   BANK6   BANK7   BANK8   BANK9  BANK10  BANK11  BANK12  BANK13  BANK14  BANK15
      Params:         0       0       0       0       0       0       0       0       0       0       0       0       0       0       0       0       0
      Locals:         0       0       0       0       0       0       0       0       0       0       0       0       0       0       0       0       0
      Temps:          0       0       0       0       0       0       0       0       0       0       0       0       0       0       0       0       0
      Totals:         0       0       0       0       0       0       0       0       0       0       0       0       0       0       0       0       0
Total ram usage:        0 bytes
 Hardware stack levels used:    1
 This function calls:
		Nothing
 This function is called by:
		_fonction_d_interruption
		_initialisation_du_systeme
 This function uses a non-reentrant model


 *************** function _tache4 *****************
 Defined at:
		line 3 in file "T4.c"
 Parameters:    Size  Location     Type
		None
 Auto vars:     Size  Location     Type
		None
 Return value:  Size  Location     Type
                  1    wreg      void 
 Registers used:
		wreg, status,2, status,0
 Tracked objects:
		On entry : 
		On exit  : 
		Unchanged: 
 Data sizes:     COMRAM   BANK0   BANK1   BANK2   BANK3   BANK4   BANK5   BANK6   BANK7   BANK8   BANK9  BANK10  BANK11  BANK12  BANK13  BANK14  BANK15
      Params:         0       0       0       0       0       0       0       0       0       0       0       0       0       0       0       0       0
      Locals:         0       0       0       0       0       0       0       0       0       0       0       0       0       0       0       0       0
      Temps:          0       0       0       0       0       0       0       0       0       0       0       0       0       0       0       0       0
      Totals:         0       0       0       0       0       0       0       0       0       0       0       0       0       0       0       0       0
Total ram usage:        0 bytes
 Hardware stack levels used:    1
 This function calls:
		Nothing
 This function is called by:
		_fonction_d_interruption
		_initialisation_du_systeme
 This function uses a non-reentrant model


 *************** function _tache3 *****************
 Defined at:
		line 3 in file "T3.c"
 Parameters:    Size  Location     Type
		None
 Auto vars:     Size  Location     Type
		None
 Return value:  Size  Location     Type
                  1    wreg      void 
 Registers used:
		wreg, status,2, status,0
 Tracked objects:
		On entry : 
		On exit  : 
		Unchanged: 
 Data sizes:     COMRAM   BANK0   BANK1   BANK2   BANK3   BANK4   BANK5   BANK6   BANK7   BANK8   BANK9  BANK10  BANK11  BANK12  BANK13  BANK14  BANK15
      Params:         0       0       0       0       0       0       0       0       0       0       0       0       0       0       0       0       0
      Locals:         0       0       0       0       0       0       0       0       0       0       0       0       0       0       0       0       0
      Temps:          0       0       0       0       0       0       0       0       0       0       0       0       0       0       0       0       0
      Totals:         0       0       0       0       0       0       0       0       0       0       0       0       0       0       0       0       0
Total ram usage:        0 bytes
 Hardware stack levels used:    1
 This function calls:
		Nothing
 This function is called by:
		_fonction_d_interruption
		_initialisation_du_systeme
 This function uses a non-reentrant model


 *************** function _tache2 *****************
 Defined at:
		line 3 in file "T2.c"
 Parameters:    Size  Location     Type
		None
 Auto vars:     Size  Location     Type
  iy              2   11[COMRAM] unsigned int 
  ix              2    9[COMRAM] unsigned int 
  ly              1   16[COMRAM] unsigned char 
  hy              1   15[COMRAM] unsigned char 
  lx              1   14[COMRAM] unsigned char 
  hx              1   13[COMRAM] unsigned char 
 Return value:  Size  Location     Type
                  1    wreg      void 
 Registers used:
		wreg, status,2, status,0, cstack
 Tracked objects:
		On entry : 
		On exit  : 
		Unchanged: 
 Data sizes:     COMRAM   BANK0   BANK1   BANK2   BANK3   BANK4   BANK5   BANK6   BANK7   BANK8   BANK9  BANK10  BANK11  BANK12  BANK13  BANK14  BANK15
      Params:         0       0       0       0       0       0       0       0       0       0       0       0       0       0       0       0       0
      Locals:         8       0       0       0       0       0       0       0       0       0       0       0       0       0       0       0       0
      Temps:          2       0       0       0       0       0       0       0       0       0       0       0       0       0       0       0       0
      Totals:        10       0       0       0       0       0       0       0       0       0       0       0       0       0       0       0       0
Total ram usage:       10 bytes
 Hardware stack levels used:    1
 Hardware stack levels required when called:    1
 This function calls:
		___lwdiv
		_tp_delai
 This function is called by:
		_fonction_d_interruption
		_initialisation_du_systeme
 This function uses a non-reentrant model


 *************** function _tp_delai *****************
 Defined at:
		line 82 in file "T2.c"
 Parameters:    Size  Location     Type
  itpd            2    0[COMRAM] unsigned int 
 Auto vars:     Size  Location     Type
		None
 Return value:  Size  Location     Type
                  1    wreg      void 
 Registers used:
		wreg, status,2, status,0
 Tracked objects:
		On entry : 
		On exit  : 
		Unchanged: 
 Data sizes:     COMRAM   BANK0   BANK1   BANK2   BANK3   BANK4   BANK5   BANK6   BANK7   BANK8   BANK9  BANK10  BANK11  BANK12  BANK13  BANK14  BANK15
      Params:         2       0       0       0       0       0       0       0       0       0       0       0       0       0       0       0       0
      Locals:         0       0       0       0       0       0       0       0       0       0       0       0       0       0       0       0       0
      Temps:          0       0       0       0       0       0       0       0       0       0       0       0       0       0       0       0       0
      Totals:         2       0       0       0       0       0       0       0       0       0       0       0       0       0       0       0       0
Total ram usage:        2 bytes
 Hardware stack levels used:    1
 This function calls:
		Nothing
 This function is called by:
		_tache2
 This function uses a non-reentrant model


 *************** function ___lwdiv *****************
 Defined at:
		line 8 in file "C:\Program Files (x86)\Microchip\xc8\v1.38\sources\common\lwdiv.c"
 Parameters:    Size  Location     Type
  dividend        2    0[COMRAM] unsigned int 
  divisor         2    2[COMRAM] unsigned int 
 Auto vars:     Size  Location     Type
  quotient        2    4[COMRAM] unsigned int 
  counter         1    6[COMRAM] unsigned char 
 Return value:  Size  Location     Type
                  2    0[COMRAM] unsigned int 
 Registers used:
		wreg, status,2, status,0
 Tracked objects:
		On entry : 
		On exit  : 
		Unchanged: 
 Data sizes:     COMRAM   BANK0   BANK1   BANK2   BANK3   BANK4   BANK5   BANK6   BANK7   BANK8   BANK9  BANK10  BANK11  BANK12  BANK13  BANK14  BANK15
      Params:         4       0       0       0       0       0       0       0       0       0       0       0       0       0       0       0       0
      Locals:         3       0       0       0       0       0       0       0       0       0       0       0       0       0       0       0       0
      Temps:          0       0       0       0       0       0       0       0       0       0       0       0       0       0       0       0       0
      Totals:         7       0       0       0       0       0       0       0       0       0       0       0       0       0       0       0       0
Total ram usage:        7 bytes
 Hardware stack levels used:    1
 This function calls:
		Nothing
 This function is called by:
		_tache2
 This function uses a non-reentrant model


 *************** function _tache1 *****************
 Defined at:
		line 3 in file "T1.c"
 Parameters:    Size  Location     Type
		None
 Auto vars:     Size  Location     Type
  i               1   12[COMRAM] unsigned char 
 Return value:  Size  Location     Type
                  1    wreg      void 
 Registers used:
		wreg, fsr2l, fsr2h, status,2, status,0, tblptrl, tblptrh, tblptru, prodl, prodh, cstack
 Tracked objects:
		On entry : 
		On exit  : 
		Unchanged: 
 Data sizes:     COMRAM   BANK0   BANK1   BANK2   BANK3   BANK4   BANK5   BANK6   BANK7   BANK8   BANK9  BANK10  BANK11  BANK12  BANK13  BANK14  BANK15
      Params:         0       0       0       0       0       0       0       0       0       0       0       0       0       0       0       0       0
      Locals:         1       0       0       0       0       0       0       0       0       0       0       0       0       0       0       0       0
      Temps:          0       0       0       0       0       0       0       0       0       0       0       0       0       0       0       0       0
      Totals:         1       0       0       0       0       0       0       0       0       0       0       0       0       0       0       0       0
Total ram usage:        1 bytes
 Hardware stack levels used:    1
 Hardware stack levels required when called:    4
 This function calls:
		_clear_graphics
		_clear_text
		_draw_char
		_draw_hex8
		_draw_string
		_goto_lico
		_initialisation_afficheur
		_lecture_8bit_analogique
		_plot1
		i2_initialisation_des_ports
 This function is called by:
		_fonction_d_interruption
		_initialisation_du_systeme
 This function uses a non-reentrant model


 *************** function i2_initialisation_des_ports *****************
 Defined at:
		line 20 in file "main.c"
 Parameters:    Size  Location     Type
		None
 Auto vars:     Size  Location     Type
		None
 Return value:  Size  Location     Type
                  1    wreg      void 
 Registers used:
		wreg, status,2
 Tracked objects:
		On entry : 
		On exit  : 
		Unchanged: 
 Data sizes:     COMRAM   BANK0   BANK1   BANK2   BANK3   BANK4   BANK5   BANK6   BANK7   BANK8   BANK9  BANK10  BANK11  BANK12  BANK13  BANK14  BANK15
      Params:         0       0       0       0       0       0       0       0       0       0       0       0       0       0       0       0       0
      Locals:         0       0       0       0       0       0       0       0       0       0       0       0       0       0       0       0       0
      Temps:          0       0       0       0       0       0       0       0       0       0       0       0       0       0       0       0       0
      Totals:         0       0       0       0       0       0       0       0       0       0       0       0       0       0       0       0       0
Total ram usage:        0 bytes
 Hardware stack levels used:    1
 This function calls:
		Nothing
 This function is called by:
		_tache1
 This function uses a non-reentrant model


 *************** function _plot1 *****************
 Defined at:
		line 320 in file "afficheur.c"
 Parameters:    Size  Location     Type
  x               1    wreg     unsigned char 
  y               1    8[COMRAM] unsigned char 
 Auto vars:     Size  Location     Type
  x               1   11[COMRAM] unsigned char 
  add             2    9[COMRAM] unsigned int 
 Return value:  Size  Location     Type
                  1    wreg      void 
 Registers used:
		wreg, status,2, status,0, prodl, prodh, cstack
 Tracked objects:
		On entry : 
		On exit  : 
		Unchanged: 
 Data sizes:     COMRAM   BANK0   BANK1   BANK2   BANK3   BANK4   BANK5   BANK6   BANK7   BANK8   BANK9  BANK10  BANK11  BANK12  BANK13  BANK14  BANK15
      Params:         1       0       0       0       0       0       0       0       0       0       0       0       0       0       0       0       0
      Locals:         3       0       0       0       0       0       0       0       0       0       0       0       0       0       0       0       0
      Temps:          0       0       0       0       0       0       0       0       0       0       0       0       0       0       0       0       0
      Totals:         4       0       0       0       0       0       0       0       0       0       0       0       0       0       0       0       0
Total ram usage:        4 bytes
 Hardware stack levels used:    1
 Hardware stack levels required when called:    3
 This function calls:
		___awdiv
		___awmod
		_command
		_d2command
 This function is called by:
		_tache1
 This function uses a non-reentrant model


 *************** function ___awmod *****************
 Defined at:
		line 8 in file "C:\Program Files (x86)\Microchip\xc8\v1.38\sources\common\awmod.c"
 Parameters:    Size  Location     Type
  dividend        2    0[COMRAM] int 
  divisor         2    2[COMRAM] int 
 Auto vars:     Size  Location     Type
  sign            1    5[COMRAM] unsigned char 
  counter         1    4[COMRAM] unsigned char 
 Return value:  Size  Location     Type
                  2    0[COMRAM] int 
 Registers used:
		wreg, status,2, status,0
 Tracked objects:
		On entry : 
		On exit  : 
		Unchanged: 
 Data sizes:     COMRAM   BANK0   BANK1   BANK2   BANK3   BANK4   BANK5   BANK6   BANK7   BANK8   BANK9  BANK10  BANK11  BANK12  BANK13  BANK14  BANK15
      Params:         4       0       0       0       0       0       0       0       0       0       0       0       0       0       0       0       0
      Locals:         2       0       0       0       0       0       0       0       0       0       0       0       0       0       0       0       0
      Temps:          0       0       0       0       0       0       0       0       0       0       0       0       0       0       0       0       0
      Totals:         6       0       0       0       0       0       0       0       0       0       0       0       0       0       0       0       0
Total ram usage:        6 bytes
 Hardware stack levels used:    1
 This function calls:
		Nothing
 This function is called by:
		_plot1
		_plot0
 This function uses a non-reentrant model


 *************** function ___awdiv *****************
 Defined at:
		line 8 in file "C:\Program Files (x86)\Microchip\xc8\v1.38\sources\common\awdiv.c"
 Parameters:    Size  Location     Type
  dividend        2    0[COMRAM] int 
  divisor         2    2[COMRAM] int 
 Auto vars:     Size  Location     Type
  quotient        2    6[COMRAM] int 
  sign            1    5[COMRAM] unsigned char 
  counter         1    4[COMRAM] unsigned char 
 Return value:  Size  Location     Type
                  2    0[COMRAM] int 
 Registers used:
		wreg, status,2, status,0
 Tracked objects:
		On entry : 
		On exit  : 
		Unchanged: 
 Data sizes:     COMRAM   BANK0   BANK1   BANK2   BANK3   BANK4   BANK5   BANK6   BANK7   BANK8   BANK9  BANK10  BANK11  BANK12  BANK13  BANK14  BANK15
      Params:         4       0       0       0       0       0       0       0       0       0       0       0       0       0       0       0       0
      Locals:         4       0       0       0       0       0       0       0       0       0       0       0       0       0       0       0       0
      Temps:          0       0       0       0       0       0       0       0       0       0       0       0       0       0       0       0       0
      Totals:         8       0       0       0       0       0       0       0       0       0       0       0       0       0       0       0       0
Total ram usage:        8 bytes
 Hardware stack levels used:    1
 This function calls:
		Nothing
 This function is called by:
		_plot1
		_plot0
 This function uses a non-reentrant model


 *************** function _lecture_8bit_analogique *****************
 Defined at:
		line 57 in file "main.c"
 Parameters:    Size  Location     Type
  channel         1    wreg     unsigned char 
 Auto vars:     Size  Location     Type
  channel         1    1[COMRAM] unsigned char 
  ret             1    0[COMRAM] unsigned char 
 Return value:  Size  Location     Type
                  1    wreg      unsigned char 
 Registers used:
		wreg, status,2, status,0
 Tracked objects:
		On entry : 
		On exit  : 
		Unchanged: 
 Data sizes:     COMRAM   BANK0   BANK1   BANK2   BANK3   BANK4   BANK5   BANK6   BANK7   BANK8   BANK9  BANK10  BANK11  BANK12  BANK13  BANK14  BANK15
      Params:         0       0       0       0       0       0       0       0       0       0       0       0       0       0       0       0       0
      Locals:         2       0       0       0       0       0       0       0       0       0       0       0       0       0       0       0       0
      Temps:          0       0       0       0       0       0       0       0       0       0       0       0       0       0       0       0       0
      Totals:         2       0       0       0       0       0       0       0       0       0       0       0       0       0       0       0       0
Total ram usage:        2 bytes
 Hardware stack levels used:    1
 This function calls:
		Nothing
 This function is called by:
		_tache1
 This function uses a non-reentrant model


 *************** function _initialisation_afficheur *****************
 Defined at:
		line 164 in file "afficheur.c"
 Parameters:    Size  Location     Type
		None
 Auto vars:     Size  Location     Type
  error_count     1    8[COMRAM] unsigned char 
 Return value:  Size  Location     Type
                  1    wreg      void 
 Registers used:
		wreg, status,2, status,0, cstack
 Tracked objects:
		On entry : 
		On exit  : 
		Unchanged: 
 Data sizes:     COMRAM   BANK0   BANK1   BANK2   BANK3   BANK4   BANK5   BANK6   BANK7   BANK8   BANK9  BANK10  BANK11  BANK12  BANK13  BANK14  BANK15
      Params:         0       0       0       0       0       0       0       0       0       0       0       0       0       0       0       0       0
      Locals:         1       0       0       0       0       0       0       0       0       0       0       0       0       0       0       0       0
      Temps:          0       0       0       0       0       0       0       0       0       0       0       0       0       0       0       0       0
      Totals:         1       0       0       0       0       0       0       0       0       0       0       0       0       0       0       0       0
Total ram usage:        1 bytes
 Hardware stack levels used:    1
 Hardware stack levels required when called:    3
 This function calls:
[...]
Total ram usage:        4 bytes
 Hardware stack levels used:    1
 Hardware stack levels required when called:    3
 This function calls:
		_d2command
 This function is called by:
		_tache1
 This function uses a non-reentrant model


 *************** function _draw_string *****************
 Defined at:
		line 243 in file "afficheur.c"
 Parameters:    Size  Location     Type
  tableau         2    7[COMRAM] PTR unsigned char 
		 -> STR_18(4), STR_17(3), STR_16(12), STR_15(12), 
		 -> STR_14(21), STR_13(7), STR_12(6), STR_11(6), 
		 -> STR_10(10), STR_9(9), STR_8(6), STR_7(13), 
		 -> STR_6(11), STR_5(7), STR_4(3), STR_3(3), 
		 -> STR_2(3), STR_1(8), 
 Auto vars:     Size  Location     Type
		None
 Return value:  Size  Location     Type
                  1    wreg      void 
 Registers used:
		wreg, status,2, status,0, tblptrl, tblptrh, tblptru, cstack
 Tracked objects:
		On entry : 
		On exit  : 
		Unchanged: 
 Data sizes:     COMRAM   BANK0   BANK1   BANK2   BANK3   BANK4   BANK5   BANK6   BANK7   BANK8   BANK9  BANK10  BANK11  BANK12  BANK13  BANK14  BANK15
      Params:         2       0       0       0       0       0       0       0       0       0       0       0       0       0       0       0       0
      Locals:         0       0       0       0       0       0       0       0       0       0       0       0       0       0       0       0       0
      Temps:          0       0       0       0       0       0       0       0       0       0       0       0       0       0       0       0       0
      Totals:         2       0       0       0       0       0       0       0       0       0       0       0       0       0       0       0       0
Total ram usage:        2 bytes
 Hardware stack levels used:    1
 Hardware stack levels required when called:    3
 This function calls:
		_d1command
 This function is called by:
		_tache1
 This function uses a non-reentrant model


 *************** function _draw_hex8 *****************
 Defined at:
		line 253 in file "afficheur.c"
 Parameters:    Size  Location     Type
  octet           1    wreg     unsigned char 
 Auto vars:     Size  Location     Type
  octet           1    7[COMRAM] unsigned char 
  c               1    8[COMRAM] unsigned char 
 Return value:  Size  Location     Type
                  1    wreg      void 
 Registers used:
		wreg, status,2, status,0, cstack
 Tracked objects:
		On entry : 
		On exit  : 
		Unchanged: 
 Data sizes:     COMRAM   BANK0   BANK1   BANK2   BANK3   BANK4   BANK5   BANK6   BANK7   BANK8   BANK9  BANK10  BANK11  BANK12  BANK13  BANK14  BANK15
      Params:         0       0       0       0       0       0       0       0       0       0       0       0       0       0       0       0       0
      Locals:         2       0       0       0       0       0       0       0       0       0       0       0       0       0       0       0       0
      Temps:          0       0       0       0       0       0       0       0       0       0       0       0       0       0       0       0       0
      Totals:         2       0       0       0       0       0       0       0       0       0       0       0       0       0       0       0       0
Total ram usage:        2 bytes
 Hardware stack levels used:    1
 Hardware stack levels required when called:    3
 This function calls:
		_d1command
 This function is called by:
		_tache1
 This function uses a non-reentrant model


 *************** function _draw_char *****************
 Defined at:
		line 228 in file "afficheur.c"
 Parameters:    Size  Location     Type
  dccar           1    wreg     unsigned char 
 Auto vars:     Size  Location     Type
  dccar           1    7[COMRAM] unsigned char 
 Return value:  Size  Location     Type
                  1    wreg      void 
 Registers used:
		wreg, status,2, status,0, cstack
 Tracked objects:
		On entry : 
		On exit  : 
		Unchanged: 
 Data sizes:     COMRAM   BANK0   BANK1   BANK2   BANK3   BANK4   BANK5   BANK6   BANK7   BANK8   BANK9  BANK10  BANK11  BANK12  BANK13  BANK14  BANK15
      Params:         0       0       0       0       0       0       0       0       0       0       0       0       0       0       0       0       0
      Locals:         1       0       0       0       0       0       0       0       0       0       0       0       0       0       0       0       0
      Temps:          0       0       0       0       0       0       0       0       0       0       0       0       0       0       0       0       0
      Totals:         1       0       0       0       0       0       0       0       0       0       0       0       0       0       0       0       0
Total ram usage:        1 bytes
 Hardware stack levels used:    1
 Hardware stack levels required when called:    3
 This function calls:
		_d1command
 This function is called by:
		_tache1
 This function uses a non-reentrant model


 *************** function _clear_text *****************
 Defined at:
		line 287 in file "afficheur.c"
 Parameters:    Size  Location     Type
		None
 Auto vars:     Size  Location     Type
  add             2    8[COMRAM] unsigned int 
 Return value:  Size  Location     Type
                  1    wreg      void 
 Registers used:
		wreg, status,2, status,0, cstack
 Tracked objects:
		On entry : 
		On exit  : 
		Unchanged: 
 Data sizes:     COMRAM   BANK0   BANK1   BANK2   BANK3   BANK4   BANK5   BANK6   BANK7   BANK8   BANK9  BANK10  BANK11  BANK12  BANK13  BANK14  BANK15
      Params:         0       0       0       0       0       0       0       0       0       0       0       0       0       0       0       0       0
      Locals:         2       0       0       0       0       0       0       0       0       0       0       0       0       0       0       0       0
      Temps:          0       0       0       0       0       0       0       0       0       0       0       0       0       0       0       0       0
      Totals:         2       0       0       0       0       0       0       0       0       0       0       0       0       0       0       0       0
Total ram usage:        2 bytes
 Hardware stack levels used:    1
 Hardware stack levels required when called:    3
 This function calls:
		_d1command
		_d2command
 This function is called by:
		_tache1
 This function uses a non-reentrant model


 *************** function _clear_graphics *****************
 Defined at:
		line 298 in file "afficheur.c"
 Parameters:    Size  Location     Type
		None
 Auto vars:     Size  Location     Type
  add             2    8[COMRAM] unsigned int 
 Return value:  Size  Location     Type
                  1    wreg      void 
 Registers used:
		wreg, status,2, status,0, cstack
 Tracked objects:
		On entry : 
		On exit  : 
		Unchanged: 
 Data sizes:     COMRAM   BANK0   BANK1   BANK2   BANK3   BANK4   BANK5   BANK6   BANK7   BANK8   BANK9  BANK10  BANK11  BANK12  BANK13  BANK14  BANK15
      Params:         0       0       0       0       0       0       0       0       0       0       0       0       0       0       0       0       0
      Locals:         2       0       0       0       0       0       0       0       0       0       0       0       0       0       0       0       0
      Temps:          0       0       0       0       0       0       0       0       0       0       0       0       0       0       0       0       0
      Totals:         2       0       0       0       0       0       0       0       0       0       0       0       0       0       0       0       0
Total ram usage:        2 bytes
 Hardware stack levels used:    1
 Hardware stack levels required when called:    3
 This function calls:
		_d1command
		_d2command
 This function is called by:
		_tache1
 This function uses a non-reentrant model


 *************** function _d2command *****************
 Defined at:
		line 128 in file "afficheur.c"
 Parameters:    Size  Location     Type
  d1              1    wreg     unsigned char 
  d2              1    4[COMRAM] unsigned char 
  cmd             1    5[COMRAM] unsigned char 
 Auto vars:     Size  Location     Type
  d1              1    6[COMRAM] unsigned char 
  res             1    7[COMRAM] unsigned char 
 Return value:  Size  Location     Type
                  1    wreg      unsigned char 
 Registers used:
		wreg, status,2, status,0, cstack
 Tracked objects:
		On entry : 
		On exit  : 
		Unchanged: 
 Data sizes:     COMRAM   BANK0   BANK1   BANK2   BANK3   BANK4   BANK5   BANK6   BANK7   BANK8   BANK9  BANK10  BANK11  BANK12  BANK13  BANK14  BANK15
      Params:         2       0       0       0       0       0       0       0       0       0       0       0       0       0       0       0       0
      Locals:         2       0       0       0       0       0       0       0       0       0       0       0       0       0       0       0       0
      Temps:          0       0       0       0       0       0       0       0       0       0       0       0       0       0       0       0       0
      Totals:         4       0       0       0       0       0       0       0       0       0       0       0       0       0       0       0       0
Total ram usage:        4 bytes
 Hardware stack levels used:    1
 Hardware stack levels required when called:    2
 This function calls:
		_delai_us_char
		_wait_status_ok
		_write_c_aff
		_write_d_aff
 This function is called by:
		_initialisation_afficheur
		_goto_lico
		_clear_text
		_clear_graphics
		_plot1
		_clear_cgram
		_plot0
 This function uses a non-reentrant model


 *************** function _d1command *****************
 Defined at:
		line 106 in file "afficheur.c"
 Parameters:    Size  Location     Type
  d1              1    wreg     unsigned char 
  cmd             1    4[COMRAM] unsigned char 
 Auto vars:     Size  Location     Type
  d1              1    5[COMRAM] unsigned char 
  res             1    6[COMRAM] unsigned char 
 Return value:  Size  Location     Type
                  1    wreg      unsigned char 
 Registers used:
		wreg, status,2, status,0, cstack
 Tracked objects:
		On entry : 
		On exit  : 
		Unchanged: 
 Data sizes:     COMRAM   BANK0   BANK1   BANK2   BANK3   BANK4   BANK5   BANK6   BANK7   BANK8   BANK9  BANK10  BANK11  BANK12  BANK13  BANK14  BANK15
      Params:         1       0       0       0       0       0       0       0       0       0       0       0       0       0       0       0       0
      Locals:         2       0       0       0       0       0       0       0       0       0       0       0       0       0       0       0       0
      Temps:          0       0       0       0       0       0       0       0       0       0       0       0       0       0       0       0       0
      Totals:         3       0       0       0       0       0       0       0       0       0       0       0       0       0       0       0       0
Total ram usage:        3 bytes
 Hardware stack levels used:    1
 Hardware stack levels required when called:    2
 This function calls:
		_delai_us_char
		_wait_status_ok
		_write_c_aff
		_write_d_aff
 This function is called by:
		_initialisation_afficheur
		_draw_char
		_draw_string
		_draw_hex8
		_clear_text
		_clear_graphics
		_clear_cgram
 This function uses a non-reentrant model


 *************** function _write_d_aff *****************
 Defined at:
		line 4 in file "afficheur.c"
 Parameters:    Size  Location     Type
  data            1    wreg     unsigned char 
 Auto vars:     Size  Location     Type
  data            1    0[COMRAM] unsigned char 
 Return value:  Size  Location     Type
                  1    wreg      void 
 Registers used:
		wreg, status,2
 Tracked objects:
		On entry : 
		On exit  : 
		Unchanged: 
 Data sizes:     COMRAM   BANK0   BANK1   BANK2   BANK3   BANK4   BANK5   BANK6   BANK7   BANK8   BANK9  BANK10  BANK11  BANK12  BANK13  BANK14  BANK15
      Params:         0       0       0       0       0       0       0       0       0       0       0       0       0       0       0       0       0
      Locals:         1       0       0       0       0       0       0       0       0       0       0       0       0       0       0       0       0
      Temps:          0       0       0       0       0       0       0       0       0       0       0       0       0       0       0       0       0
      Totals:         1       0       0       0       0       0       0       0       0       0       0       0       0       0       0       0       0
Total ram usage:        1 bytes
 Hardware stack levels used:    1
 This function calls:
		Nothing
 This function is called by:
		_d1command
		_d2command
 This function uses a non-reentrant model


 *************** function _write_c_aff *****************
 Defined at:
		line 17 in file "afficheur.c"
 Parameters:    Size  Location     Type
  command         1    wreg     unsigned char 
 Auto vars:     Size  Location     Type
  command         1    0[COMRAM] unsigned char 
 Return value:  Size  Location     Type
                  1    wreg      void 
 Registers used:
		wreg, status,2
 Tracked objects:
		On entry : 
		On exit  : 
		Unchanged: 
 Data sizes:     COMRAM   BANK0   BANK1   BANK2   BANK3   BANK4   BANK5   BANK6   BANK7   BANK8   BANK9  BANK10  BANK11  BANK12  BANK13  BANK14  BANK15
      Params:         0       0       0       0       0       0       0       0       0       0       0       0       0       0       0       0       0
      Locals:         1       0       0       0       0       0       0       0       0       0       0       0       0       0       0       0       0
      Temps:          0       0       0       0       0       0       0       0       0       0       0       0       0       0       0       0       0
      Totals:         1       0       0       0       0       0       0       0       0       0       0       0       0       0       0       0       0
Total ram usage:        1 bytes
 Hardware stack levels used:    1
 This function calls:
		Nothing
 This function is called by:
		_command
		_d1command
		_d2command
 This function uses a non-reentrant model


 *************** function _wait_status_ok *****************
 Defined at:
		line 53 in file "afficheur.c"
 Parameters:    Size  Location     Type
		None
 Auto vars:     Size  Location     Type
  res             1    3[COMRAM] unsigned char 
  status          1    2[COMRAM] unsigned char 
  err             1    1[COMRAM] unsigned char 
 Return value:  Size  Location     Type
                  1    wreg      unsigned char 
 Registers used:
		wreg, status,2, status,0, cstack
 Tracked objects:
		On entry : 
		On exit  : 
		Unchanged: 
 Data sizes:     COMRAM   BANK0   BANK1   BANK2   BANK3   BANK4   BANK5   BANK6   BANK7   BANK8   BANK9  BANK10  BANK11  BANK12  BANK13  BANK14  BANK15
      Params:         0       0       0       0       0       0       0       0       0       0       0       0       0       0       0       0       0
      Locals:         3       0       0       0       0       0       0       0       0       0       0       0       0       0       0       0       0
      Temps:          0       0       0       0       0       0       0       0       0       0       0       0       0       0       0       0       0
      Totals:         3       0       0       0       0       0       0       0       0       0       0       0       0       0       0       0       0
Total ram usage:        3 bytes
 Hardware stack levels used:    1
 Hardware stack levels required when called:    1
 This function calls:
		_delai_us_char
 This function is called by:
		_command
		_d1command
		_d2command
 This function uses a non-reentrant model


 *************** function _delai_us_char *****************
 Defined at:
		line 154 in file "afficheur.c"
 Parameters:    Size  Location     Type
  ucdelai         1    wreg     unsigned char 
 Auto vars:     Size  Location     Type
  ucdelai         1    0[COMRAM] unsigned char 
 Return value:  Size  Location     Type
                  1    wreg      void 
 Registers used:
		wreg, status,2, status,0
 Tracked objects:
		On entry : 
		On exit  : 
		Unchanged: 
 Data sizes:     COMRAM   BANK0   BANK1   BANK2   BANK3   BANK4   BANK5   BANK6   BANK7   BANK8   BANK9  BANK10  BANK11  BANK12  BANK13  BANK14  BANK15
      Params:         0       0       0       0       0       0       0       0       0       0       0       0       0       0       0       0       0
      Locals:         1       0       0       0       0       0       0       0       0       0       0       0       0       0       0       0       0
      Temps:          0       0       0       0       0       0       0       0       0       0       0       0       0       0       0       0       0
      Totals:         1       0       0       0       0       0       0       0       0       0       0       0       0       0       0       0       0
Total ram usage:        1 bytes
 Hardware stack levels used:    1
 This function calls:
		Nothing
 This function is called by:
		_wait_status_ok
		_command
		_d1command
		_d2command
		_initialisation_afficheur
 This function uses a non-reentrant model



MODULE INFORMATION

Module		Function		Class		Link	Load	Size
T6.c
		_tache6        		CODE           	1E42	0000	41

T6.c estimated size: 41

semaphore.c
		_Init          		CODE           	1F2A	0000	21

semaphore.c estimated size: 21

T4.c
		_tache4        		CODE           	1C98	0000	63

T4.c estimated size: 63

afficheur.c
		_d2command     		CODE           	1B32	0000	81
		_write_d_aff   		CODE           	1EAE	0000	27
		_clear_text    		CODE           	1DB6	0000	49
		_initialisation_afficheur		CODE           	16CE	0000	205
		_write_c_aff   		CODE           	1EC8	0000	27
		_clear_graphics		CODE           	1DE6	0000	49
		_draw_hex8     		CODE           	19E2	0000	93
		_delai_us_char 		CODE           	1E8C	0000	35
		_draw_string   		CODE           	1C1A	0000	65
		_plot1         		CODE           	1848	0000	167
		_goto_lico     		CODE           	1AE2	0000	81
		_command       		CODE           	1E6A	0000	35
		_wait_status_ok		CODE           	1A90	0000	83
		_draw_char     		CODE           	1D84	0000	51
		_d1command     		CODE           	1D14	0000	59
		_check_status_ok		CODE           	1E16	0000	45

afficheur.c estimated size: 1152

C:\Program Files (x86)\Microchip\xc8\v1.38\sources\common\awmod.c
		___awmod       		CODE           	1972	0000	113

C:\Program Files (x86)\Microchip\xc8\v1.38\sources\common\awmod.c estimated size: 113

T2.c
		_tache2        		CODE           	15D6	0000	249
		_tp_delai      		CODE           	1F12	0000	25

T2.c estimated size: 274

systeme.c
		_initialisation_du_systeme		CODE           	1370	0000	615
		_fonction_d_interruption		CODE           	0008	0000	859

systeme.c estimated size: 1474

stid.c
		_lecture_normale		CODE           	179A	0000	175
		_stid_delai_us 		CODE           	1EFA	0000	25

stid.c estimated size: 200

C:\Program Files (x86)\Microchip\xc8\v1.38\sources\common\lwdiv.c
		___lwdiv       		CODE           	1A3E	0000	83

C:\Program Files (x86)\Microchip\xc8\v1.38\sources\common\lwdiv.c estimated size: 83

C:\Program Files (x86)\Microchip\xc8\v1.38\sources\common\awdiv.c
		___awdiv       		CODE           	18EE	0000	133

C:\Program Files (x86)\Microchip\xc8\v1.38\sources\common\awdiv.c estimated size: 133

T5.c
		_tache5        		CODE           	1C5A	0000	63

T5.c estimated size: 63

T3.c
		_tache3        		CODE           	1CD6	0000	63

T3.c estimated size: 63

shared
		__initialization		CODE           	1F3E	0000	9
		i2_initialisation_des_ports		CODE           	1BCE	0000	77

shared estimated size: 86

T1.c
		_tache1        		CODE           	108C	0000	741

T1.c estimated size: 741

main.c
		_initialisation_des_ports		CODE           	1B82	0000	77
		_main          		CODE           	1EE2	0000	25
		_lecture_8bit_analogique		CODE           	1D4E	0000	55

main.c estimated size: 157

